04-01 13:31:50.704  1630  2586 D SemNscXgbMsL1: Probability - Real time: [0.10864212]
04-01 13:31:50.704  1630  2586 D SemNscXgbMsL1: Probability - Non real time: [0.915227]
04-01 13:31:50.704  1630  2586 D SemNscXgbMsL1: 1 sample inference time: 1.203384 msecs
04-01 13:31:50.707  1630  2586 D SemNscXgbL2Rt: L2 RT 1 sample inference time: 2.231077 msecs
04-01 13:31:50.709  1630  2586 D SemNscXgbL2Nrt: L2 NRT 1 sample inference time: 1.57477 msecs
04-01 13:31:51.164  2680  2680 D SecPowerUI.Notification: showChargingNotice oldChargingType : 11 / currentChargingType : 11, oldChargingTime : 21570000 / mChargingTime : 21570000
04-01 13:31:51.164  2680  2680 D SecPowerUI.Notification: There is no change about charging status, so return!
04-01 13:31:51.210  1630  2586 D SemNscXgbMsL1: Probability - Cloud gaming: [0.04415229]
04-01 13:31:51.211  1630  2586 D SemNscXgbMsL1: Probability - Real time: [0.10864212]
04-01 13:31:51.211  1630  2586 D SemNscXgbMsL1: Probability - Non real time: [0.915227]
04-01 13:31:51.211  1630  2586 D SemNscXgbMsL1: 1 sample inference time: 1.142154 msecs
04-01 13:31:51.214  1630  2586 D SemNscXgbL2Rt: L2 RT 1 sample inference time: 2.146461 msecs
04-01 13:31:51.215  1630  2586 D SemNscXgbL2Nrt: L2 NRT 1 sample inference time: 1.542231 msecs
04-01 13:31:51.582 19119 19141 E AudioPathHelper: (Bean)(1.15)handleAudioPathTask() : can't get dual play mode - Attempt to invoke virtual method 'boolean android.bluetooth.BluetoothA2dp.semIsDualPlayMode()' on a null object reference
04-01 13:31:51.692  1446  1446 D connsyslogger: Open FIFO for close
04-01 13:31:51.717  1630  2586 D SemNscXgbMsL1: Probability - Cloud gaming: [0.04415229]
04-01 13:31:51.718  1630  2586 D SemNscXgbMsL1: Probability - Real time: [0.10864212]
04-01 13:31:51.718  1630  2586 D SemNscXgbMsL1: Probability - Non real time: [0.915227]
04-01 13:31:51.718  1630  2586 D SemNscXgbMsL1: 1 sample inference time: 1.169539 msecs
04-01 13:31:51.720  1630  2586 D SemNscXgbL2Rt: L2 RT 1 sample inference time: 2.118384 msecs
04-01 13:31:51.722  1630  2586 D SemNscXgbL2Nrt: L2 NRT 1 sample inference time: 1.692 msecs
04-01 13:31:51.803   584   584 D io_stats: !@ 179,0 r 353512861 5911810494 w 99540133 1236234108 d 0 0 f 0 0 iot 136035332 0 th 0 0 0 pt 0 inp 0 0 1707113.110
04-01 13:31:51.933 20085 20085 I wpa_supplicant: Heartbeat 67146
04-01 13:31:51.935  2680  2782 D MobileStatusTracker(1/2): onSignalStrengthsChanged level=3, vendorLevel=2
04-01 13:31:51.938  2680  2782 D MobileSignalController(1/2): notifyListener: enabled=true, connected=true, dataConnected=false, networkType=LTE (4G), emergencyOnly=false, roaming=false, isDefault=false, dataActivity=, level=2, ca=false, mmWave=false, disabledDataIcon=false, simCard=ETC
04-01 13:31:51.939  2680  2782 D NetworkController: SignalStrength from intent slotId=1
04-01 13:31:52.165  1630  2586 I SemWifiServiceDetector: Traff. tracking stopped
04-01 13:31:52.584 19119 19141 E AudioPathHelper: (Bean)(1.15)handleAudioPathTask() : can't get dual play mode - Attempt to invoke virtual method 'boolean android.bluetooth.BluetoothA2dp.semIsDualPlayMode()' on a null object reference
04-01 13:31:52.610  1105  1154 I libPerfCtl: xgfGetFPS pid:-1 fps:0
04-01 13:31:52.610  1105  1154 I libPerfCtl: xgfGetFPS ioctl_ret:-1
04-01 13:31:52.934  2639  2639 I WifiHAL : Get link layer stats
04-01 13:31:52.935  2639  2639 I WifiHAL : GetLinkStatsCommand::create
04-01 13:31:52.935  2639  2639 D android.hardware.wifi@1.0-service-lazy: WifiRequest::create vendor command to iface 40, vendor_id=0x1a11, subcmd=0x1200, res=0
04-01 13:31:52.935  2639  2639 I android.hardware.wifi@1.0-service-lazy: WifiCommand::requestResponse err=-95
04-01 13:31:52.935  2639  2639 I WifiHAL : wifi_get_link_stats: result=-3
04-01 13:31:52.936  1630  2513 E WifiVendorHal: getWifiLinkLayerStats_1_5_Internal(l.1179) failed {.code = ERROR_NOT_SUPPORTED, .description = }
04-01 13:31:52.947  1630  3651 D SemWifiUsabilityStatsMonitor: onWifiUsabilityStats - seqNum 249636, isSameBssidAndFreq true
04-01 13:31:52.948  1630  2588 I SemWifiLinkQualityMonitor: Link Qos query: inf. ms / 0 Mbps
04-01 13:31:52.949  2680  2680 D NetworkController.WifiSignalController: notifyListener: visible=true, connected=true, inetCondition=1, isDefault=true, wifiTestReported=true, receivedInetCondition=-1, hideDuringMobileSwitching=false
04-01 13:31:52.982  1137  1137 I BufferQueueProducer: [StatusBar$_2680#95](this:0xb400007558c53838,id:-1,api:0,p:-1,c:1137) queueBuffer: fps=0.66 dur=3019.01 max=3011.70 min=7.31
04-01 13:31:52.985  1092  1165 I hwcomposer: [HWCDisplay] [Display_0 (type:1)] fps:0.662214,dur:3020.17,max:3012.70,min:7.48  
04-01 13:31:53.216  2680  2782 D MobileStatusTracker(1/2): onSignalStrengthsChanged level=3, vendorLevel=2
04-01 13:31:53.218  2680  2782 D MobileSignalController(1/2): notifyListener: enabled=true, connected=true, dataConnected=false, networkType=LTE (4G), emergencyOnly=false, roaming=false, isDefault=false, dataActivity=, level=2, ca=false, mmWave=false, disabledDataIcon=false, simCard=ETC
04-01 13:31:53.220  2680  2782 D NetworkController: SignalStrength from intent slotId=1
04-01 13:31:53.587 19119 19141 E AudioPathHelper: (Bean)(1.15)handleAudioPathTask() : can't get dual play mode - Attempt to invoke virtual method 'boolean android.bluetooth.BluetoothA2dp.semIsDualPlayMode()' on a null object reference
04-01 13:31:54.496  2680  2782 D MobileStatusTracker(1/2): onSignalStrengthsChanged level=3, vendorLevel=2
04-01 13:31:54.499  2680  2782 D MobileSignalController(1/2): notifyListener: enabled=true, connected=true, dataConnected=false, networkType=LTE (4G), emergencyOnly=false, roaming=false, isDefault=false, dataActivity=, level=2, ca=false, mmWave=false, disabledDataIcon=false, simCard=ETC
04-01 13:31:54.500  2680  2782 D NetworkController: SignalStrength from intent slotId=1
04-01 13:31:54.590 19119 19141 E AudioPathHelper: (Bean)(1.15)handleAudioPathTask() : can't get dual play mode - Attempt to invoke virtual method 'boolean android.bluetooth.BluetoothA2dp.semIsDualPlayMode()' on a null object reference
04-01 13:31:55.594 19119 19141 E AudioPathHelper: (Bean)(1.15)handleAudioPathTask() : can't get dual play mode - Attempt to invoke virtual method 'boolean android.bluetooth.BluetoothA2dp.semIsDualPlayMode()' on a null object reference
04-01 13:31:55.775  2680  2782 D MobileStatusTracker(1/2): onSignalStrengthsChanged level=3, vendorLevel=2
04-01 13:31:55.778  2680  2782 D MobileSignalController(1/2): notifyListener: enabled=true, connected=true, dataConnected=false, networkType=LTE (4G), emergencyOnly=false, roaming=false, isDefault=false, dataActivity=, level=2, ca=false, mmWave=false, disabledDataIcoSn=false, simCard=ETC
04-01 13:31:55.779  2680  2782 D NetworkController: SignalStrength from intent slotId=1