04-01 13:31:36.135  2680  2680 I ChargingInfoManager: updateChargingInfo: newState = AOD ChargingInfo [mState=BATTERY_AND_REMAIN_TIME, mIsCharging=true, mIsFullyCharged=false, mIsBatteryProtectMode=false], oldState = AOD ChargingInfo [mState=BATTERY_AND_REMAIN_TIME, mIsCharging=true, mIsFullyCharged=false, mIsBatteryProtectMode=false]
04-01 13:31:36.174 20085 20085 I wpa_supplicant: wlan0: WPA: Group rekeying completed with 44:4e:6d:bd:22:35 [GTK=CCMP]
04-01 13:31:36.175  2639 20064 D WifiHAL : event received NL80211_CMD_VENDOR, vendor_id = 0xce7, subcmd = 0xa
04-01 13:31:36.188  1630  2533 D ConnectivityService: notifyType CALLBACK_CAP_CHANGED for [2127 WIFI]
04-01 13:31:36.193  1630  2562 D SemWifiSwitchForIndividualAppsService: stopTCPMonitoring : already stopped
04-01 13:31:36.193  1630  2562 I WifiConnectivityMonitor.NCC: sNetworkCallback(oCC) FULL : 2127(true/false)[ Transports: WIFI Capabilities: NOT_METERED&INTERNET&NOT_RESTRICTED&TRUSTED&NOT_VPN&VALIDATED&NOT_ROAMING&FOREGROUND&NOT_CONGESTED&NOT_SUSPENDED&NOT_VCN_MANAGED LinkUpBandwidth>=12000Kbps LinkDnBandwidth>=60000Kbps TransportInfo: <SSID: <unknown ssid>, BSSID: 02:00:00:**:**:00, MAC: 02:00:00:**:**:00, IP: /192.168.178.168, Security type: 2, Supplicant state: GROUP_HANDSHAKE, Wi-Fi standard: 5, RSSI: -60, Link speed: 390Mbps, Tx Link speed: 390Mbps, Max Supported Tx Link speed: 433Mbps, Rx Link speed: 6Mbps, Max Supported Rx Link speed: 433Mbps, Frequency: 5580MHz, Net ID: -1, Metered hint: false, score: 60, isUsable: true, CarrierMerged: false, SubscriptionId: -1, IsPrimary: 1, Trusted: true, Restricted: false, Ephemeral: false, OEM paid: false, OEM private: false, OSU AP: false, FQDN: <none>, Provider friendly name: <none>, Requesting package name: <none><none>MLO Information: , AP MLD Address: <none>, AP MLO Link Id: <none>, AP MLO Affiliated links: <none>> SignalStrength: -60 AdminUids: [1000] SSID: "Wlandimir Routin" UnderlyingNetworks: Null]
04-01 13:31:36.194  1630  2604 I WifiConnectivityMonitor: current mode : 1
04-01 13:31:36.194  1630  2604 D OpenNetworkQos[4.00]: updateBssidNoInternet: mBssidNoInternet = false
04-01 13:31:36.194  1630  2604 D OpenNetworkQos[4.00]: getOpenNetworkQosNoInternetStatus: false
04-01 13:31:36.194  1630  2604 D OpenNetworkQos[4.00]: getOpenNetworkQosScores: 26 26 26
04-01 13:31:36.195  1630  2604 D SettingsProvider: isChangeAllowed() : name = wifi_wcm_qos_sharing_score_summary
04-01 13:31:36.195  1630  2604 I WifiProfileShare: network QoS data was changed (internet), updateQoSData networkType: true, qosData: false
04-01 13:31:36.195  1630  3505 V WifiProfileShare.Caster: update wips network, size: 0
04-01 13:31:36.195  1630  3505 D WifiProfileShare: nearby scanning settings run
04-01 13:31:36.195  1630  3505 D WifiProfileShare: network score provider settings enabled
04-01 13:31:36.195  1630  3505 D OpenNetworkQos[4.00]: getOpenNetworkQosScores: 26 26 26
04-01 13:31:36.195  1630  3505 D OpenNetworkQos[4.00]: getOpenNetworkQosNoInternetStatus: false
04-01 13:31:36.195  1630  3505 I WifiProfileShare.Caster: current network type: 0, score: [26, 26, 26]
04-01 13:31:36.196  1630  3505 V WifiProfileShare.Cache: update network score 44:4e:6d:**:**:35
04-01 13:31:36.196  1630  3505 D WifiProfileShare.ScanMatcher: getMcfDataList size:2
04-01 13:31:36.197  1630  3505 I WifiProfileShare.Caster: qos data was updated , before:type:QOS, pBssid:f3:4f:71, qosData:7c after:type:QOS, pBssid:f3:4f:71, qosData:7c
04-01 13:31:36.198  1630  3505 I [MCFSDK_android_1.2.4010]_4_b: isNetworkEnabled - type : 1 ret : true
04-01 13:31:36.198  1630  3505 D WifiProfileShare.McfCast: -ME--- mIsNetworkEnabled :true
04-01 13:31:36.198  1630  3505 D WifiProfileShare.McfCast: updateQoSData ignored, same contents
04-01 13:31:36.198  1630  3505 D WifiProfileShare.MCF: success update QosData !
04-01 13:31:36.206  1630  3505 I [MCFSDK_android_1.2.4010]_4_b: isNetworkEnabled - type : 1 ret : true
04-01 13:31:36.206  1630  3505 D WifiProfileShare.McfCast: -ME--- mIsNetworkEnabled :true
04-01 13:31:36.206  1630  3505 D WifiProfileShare.McfCast: -ME--- updatePasswordDate pwdData size:2
04-01 13:31:36.209 29285 29850 I HBD     : g onCapabilitiesChanged network : 2127 current network state : wifi 
04-01 13:31:36.215  2680  2782 D NetworkController.WifiSignalController: notifyListener: visible=true, connected=true, inetCondition=1, isDefault=true, wifiTestReported=true, receivedInetCondition=-1, hideDuringMobileSwitching=false
04-01 13:31:36.218 20085 20085 I wpa_supplicant: wpa_driver_nl80211_driver_cmd: wlan0 recv cmd_src MACADDR
04-01 13:31:36.218 20085 20085 I wpa_supplicant: wpa_driver_nl80211_driver_cmd: wlan0 recv cmd MACADDR
04-01 13:31:36.220  9623  6998 I NullBinder: NullBinder for android.net.action.RECOMMEND_NETWORKS triggering remote TransactionTooLargeException due to Service without Chimera impl
04-01 13:31:36.220  9623  6998 W .gms.persistent: Large reply transaction of 1056768 bytes, interface descriptor , code 1
04-01 13:31:36.227 18314 18345 I BugleRcsEngine: Connected state: [1], networkType: [WIFI] [CONTEXT thread_id=5790 ]
04-01 13:31:36.227 18314 18388 I BugleRcsEngine: handleMessage processing message:[NOTIFY_UPTIME_IGNORE_STATE_CHANGED] with [non-null]:RcsEngineImpl reference [CONTEXT log_prefix="RcsEngineImpl[DUAL_REG]:[e34f28f9-8607]>Handler" thread_id=5802 ]
04-01 13:31:36.229 18314 18345 I BugleRcsEngine: Connected state: [1], networkType: [WIFI] [CONTEXT thread_id=5790 ]
04-01 13:31:36.229 18314 18389 I BugleRcsEngine: handleMessage processing message:[NOTIFY_UPTIME_IGNORE_STATE_CHANGED] with [non-null]:RcsEngineImpl reference [CONTEXT log_prefix="RcsEngineImpl[DUAL_REG]:[0f1653dc-62c5]>Handler" thread_id=5803 ]
04-01 13:31:36.231  1630  2533 D ConnectivityService: notifyType CALLBACK_CAP_CHANGED for [2127 WIFI]
04-01 13:31:36.233  1630  1688 W libprocessgroup: Failed to open /dev/blkio//cgroup.procs: No such file or directory
04-01 13:31:36.234  1630  2562 D SemWifiSwitchForIndividualAppsService: stopTCPMonitoring : already stopped
04-01 13:31:36.234  1630  2562 I WifiConnectivityMonitor.NCC: sNetworkCallback(oCC) FULL : 2127(true/false)[ Transports: WIFI Capabilities: NOT_METERED&INTERNET&NOT_RESTRICTED&TRUSTED&NOT_VPN&VALIDATED&NOT_ROAMING&FOREGROUND&NOT_CONGESTED&NOT_SUSPENDED&NOT_VCN_MANAGED LinkUpBandwidth>=12000Kbps LinkDnBandwidth>=60000Kbps TransportInfo: <SSID: <unknown ssid>, BSSID: 02:00:00:**:**:00, MAC: 02:00:00:**:**:00, IP: /192.168.178.168, Security type: 2, Supplicant state: COMPLETED, Wi-Fi standard: 5, RSSI: -60, Link speed: 390Mbps, Tx Link speed: 390Mbps, Max Supported Tx Link speed: 433Mbps, Rx Link speed: 6Mbps, Max Supported Rx Link speed: 433Mbps, Frequency: 5580MHz, Net ID: -1, Metered hint: false, score: 60, isUsable: true, CarrierMerged: false, SubscriptionId: -1, IsPrimary: 1, Trusted: true, Restricted: false, Ephemeral: false, OEM paid: false, OEM private: false, OSU AP: false, FQDN: <none>, Provider friendly name: <none>, Requesting package name: <none><none>MLO Information: , AP MLD Address: <none>, AP MLO Link Id: <none>, AP MLO Affiliated links: <none>> SignalStrength: -60 AdminUids: [1000] SSID: "Wlandimir Routin" UnderlyingNetworks: Null]
04-01 13:31:36.235  1630  2604 I WifiConnectivityMonitor: current mode : 1
04-01 13:31:36.235  1630  2604 D OpenNetworkQos[4.00]: updateBssidNoInternet: mBssidNoInternet = false
04-01 13:31:36.235  1630  2604 D OpenNetworkQos[4.00]: getOpenNetworkQosNoInternetStatus: false
04-01 13:31:36.235  1630  2604 D OpenNetworkQos[4.00]: getOpenNetworkQosScores: 26 26 26
04-01 13:31:36.235  1630  2604 D SettingsProvider: isChangeAllowed() : name = wifi_wcm_qos_sharing_score_summary
04-01 13:31:36.235  1630  2604 I WifiProfileShare: network QoS data was changed (internet), updateQoSData networkType: true, qosData: false
04-01 13:31:36.236  1630  3505 V WifiProfileShare.Caster: update wips network, size: 0
04-01 13:31:36.236  1630  3505 D WifiProfileShare: nearby scanning settings run
04-01 13:31:36.236  1630  3505 D WifiProfileShare: network score provider settings enabled
04-01 13:31:36.236  1630  3505 D OpenNetworkQos[4.00]: getOpenNetworkQosScores: 26 26 26
04-01 13:31:36.236  1630  3505 D OpenNetworkQos[4.00]: getOpenNetworkQosNoInternetStatus: false
04-01 13:31:36.236  1630  3505 I WifiProfileShare.Caster: current network type: 0, score: [26, 26, 26]
04-01 13:31:36.237  1630  3505 V WifiProfileShare.Cache: update network score 44:4e:6d:**:**:35
04-01 13:31:36.237  1630  3505 D WifiProfileShare.ScanMatcher: getMcfDataList size:2
04-01 13:31:36.237  1630  3505 I WifiProfileShare.Caster: qos data was updated , before:type:QOS, pBssid:f3:4f:71, qosData:7c after:type:QOS, pBssid:f3:4f:71, qosData:7c
04-01 13:31:36.238  1630  3505 I [MCFSDK_android_1.2.4010]_4_b: isNetworkEnabled - type : 1 ret : true
04-01 13:31:36.238  1630  3505 D WifiProfileShare.McfCast: -ME--- mIsNetworkEnabled :true
04-01 13:31:36.238  1630  3505 D WifiProfileShare.McfCast: updateQoSData ignored, same contents
04-01 13:31:36.238  1630  3505 D WifiProfileShare.MCF: success update QosData !
04-01 13:31:36.239  1630  3505 I [MCFSDK_android_1.2.4010]_4_b: isNetworkEnabled - type : 1 ret : true
04-01 13:31:36.239  1630  3505 D WifiProfileShare.McfCast: -ME--- mIsNetworkEnabled :true
04-01 13:31:36.239  1630  3505 D WifiProfileShare.McfCast: -ME--- updatePasswordDate pwdData size:2
04-01 13:31:36.244 29285 29850 I HBD     : g onCapabilitiesChanged network : 2127 current network state : wifi
04-01 13:31:36.248  9623 32052 I NullBinder: NullBinder for android.net.action.RECOMMEND_NETWORKS triggering remote TransactionTooLargeException due to Service without Chimera impl
04-01 13:31:36.248  9623 32052 W .gms.persistent: Large reply transaction of 1056768 bytes, interface descriptor , code 1
04-01 13:31:36.250 18314 18345 I BugleRcsEngine: Connected state: [1], networkType: [WIFI] [CONTEXT thread_id=5790 ]
04-01 13:31:36.253 18314 18345 I BugleRcsEngine: Connected state: [1], networkType: [WIFI] [CONTEXT thread_id=5790 ]
04-01 13:31:36.259 18314 18389 I BugleRcsEngine: Rcs is enabled from user settings: true [CONTEXT log_prefix="ProvisioningEngineDataRetriever" thread_id=5803 ]
04-01 13:31:36.259 18314 18388 I BugleRcsEngine: Rcs is enabled from user settings: true [CONTEXT log_prefix="ProvisioningEngineDataRetriever" thread_id=5802 ]
04-01 13:31:36.260 18314 18388 I BugleRcsEngine: handleMessage processing message:[NOTIFY_UPTIME_IGNORE_STATE_CHANGED] with [non-null]:RcsEngineImpl reference [CONTEXT log_prefix="RcsEngineImpl[DUAL_REG]:[e34f28f9-8607]>Handler" thread_id=5802 ]
04-01 13:31:36.260 18314 18389 I BugleRcsEngine: handleMessage processing message:[NOTIFY_UPTIME_IGNORE_STATE_CHANGED] with [non-null]:RcsEngineImpl reference [CONTEXT log_prefix="RcsEngineImpl[DUAL_REG]:[0f1653dc-62c5]>Handler" thread_id=5803 ]
04-01 13:31:36.267 18314 18388 I BugleRcsEngine: Rcs is enabled from user settings: true [CONTEXT log_prefix="ProvisioningEngineDataRetriever" thread_id=5802 ]
04-01 13:31:36.267 18314 18389 I BugleRcsEngine: Rcs is enabled from user settings: true [CONTEXT log_prefix="ProvisioningEngineDataRetriever" thread_id=5803 ]
04-01 13:31:36.330  1630  1630 I Telecom:SamsungTelecomServiceImpl: isInManagedCall - callingPackage : android
04-01 13:31:36.340  2680  2680 D InterruptionStateProvider: Group alert behavior is suppressed but we want to alert bubble
04-01 13:31:36.348 29285 29285 I HBD     : g onCapabilityChanged  setNetworkState currentNetworkState : wifi
04-01 13:31:36.370  1137  1137 I BufferQueueProducer: [StatusBar$_2680#95](this:0xb400007558c53838,id:-1,api:0,p:-1,c:1137) queueBuffer: fps=0.09 dur=10552.98 max=10552.98 min=10552.98
04-01 13:31:36.373  1092  1165 I hwcomposer: [HWCDisplay] [Display_0 (type:1)] fps:0.094761,dur:10552.87,max:10552.87,min:10552.87  
04-01 13:31:36.530 19119 19141 E AudioPathHelper: (Bean)(1.15)handleAudioPathTask() : can't get dual play mode - Attempt to invoke virtual method 'boolean android.bluetooth.BluetoothA2dp.semIsDualPlayMode()' on a null object reference
04-01 13:31:36.540  2680  2680 D BubblesManager: onEntryUpdated : shouldBubbleUp=false ,key=-1|com.android.systemui|2131428972|charging_state|10043
04-01 13:31:36.542  2680  2680 D InterruptionStateProvider:  no Heads up : edgelighting enabled app. -1|com.android.systemui|2131428972|charging_state|10043
04-01 13:31:36.567  2680  2680 I FaceWidgetPositionAlgorithm: getClockContainerHeight() supplier = 462, bottom margin = 0, real height = 525
04-01 13:31:36.568  2680  2680 I FaceWidgetPositionAlgorithm: getClockContainerHeight() supplier = 462, bottom margin = 63, real height = 525
04-01 13:31:36.568  2680  2680 I FaceWidgetPositionAlgorithm: getMediaContainerHeight() height = 456 container Visibility = 8, isValid = false, mIsDozing = false, fraction = 1.0, source = 0, target = 0
04-01 13:31:36.568  2680  2680 I FaceWidgetPositionAlgorithm: getMediaContainerHeight() supplier = 0
04-01 13:31:36.585  2680  2782 D MobileStatusTracker(1/2): onSignalStrengthsChanged level=3, vendorLevel=2
04-01 13:31:36.588  2680  2782 D MobileSignalController(1/2): notifyListener: enabled=true, connected=true, dataConnected=false, networkType=LTE (4G), emergencyOnly=false, roaming=false, isDefault=false, dataActivity=, level=2, ca=false, mmWave=false, disabledDataIcon=false, simCard=ETC
04-01 13:31:36.588  2680  2782 D NetworkController: SignalStrength from intent slotId=1
04-01 13:31:36.597  2680  9883 E OpenGLRenderer: Device claims wide gamut support, cannot find matching config, error = EGL_SUCCESS
04-01 13:31:36.597  2680  9883 W OpenGLRenderer: Failed to initialize 101010-2 format, error = EGL_SUCCESS
04-01 13:31:36.617  2680  2680 I FaceWidgetPositionAlgorithm: getClockContainerHeight() supplier = 462, bottom margin = 0, real height = 525
04-01 13:31:36.618  2680  2680 I FaceWidgetPositionAlgorithm: getClockContainerHeight() supplier = 462, bottom margin = 63, real height = 525
04-01 13:31:36.618  2680  2680 I FaceWidgetPositionAlgorithm: getMediaContainerHeight() height = 456 container Visibility = 8, isValid = false, mIsDozing = false, fraction = 1.0, source = 0, target = 0
04-01 13:31:36.618  2680  2680 I FaceWidgetPositionAlgorithm: getMediaContainerHeight() supplier = 0
04-01 13:31:36.638  2680  2680 I FaceWidgetPositionAlgorithm: getClockContainerHeight() supplier = 462, bottom margin = 0, real height = 525
04-01 13:31:36.639  2680  2680 I FaceWidgetPositionAlgorithm: getClockContainerHeight() supplier = 462, bottom margin = 63, real height = 525
04-01 13:31:36.639  2680  2680 I FaceWidgetPositionAlgorithm: getMediaContainerHeight() height = 456 container Visibility = 8, isValid = false, mIsDozing = false, fraction = 1.0, source = 0, target = 0
04-01 13:31:36.639  2680  2680 I FaceWidgetPositionAlgorithm: getMediaContainerHeight() supplier = 0
04-01 13:31:36.690  1446  1446 D connsyslogger: Open FIFO for close
04-01 13:31:36.752  9623  7411 I NearbySharing: Network state changed: NetworkState(isRestricted=false, isOnline=true, isCongested=false, isMetered=false, isWifiConnected=true)
04-01 13:31:37.534 19119 19141 E AudioPathHelper: (Bean)(1.15)handleAudioPathTask() : can't get dual play mode - Attempt to invoke virtual method 'boolean android.bluetooth.BluetoothA2dp.semIsDualPlayMode()' on a null object reference
04-01 13:31:37.797   584   584 D io_stats: !@ 179,0 r 353512428 5911803786 w 99540125 1236234072 d 0 0 f 0 0 iot 136035252 0 th 0 0 0 pt 0 inp 0 0 1707099.103
04-01 13:31:37.841  2639  2639 I WifiHAL : Get link layer stats
04-01 13:31:37.842  2639  2639 I WifiHAL : GetLinkStatsCommand::create
04-01 13:31:37.842  2639  2639 D android.hardware.wifi@1.0-service-lazy: WifiRequest::create vendor command to iface 40, vendor_id=0x1a11, subcmd=0x1200, res=0
04-01 13:31:37.842  2639  2639 I android.hardware.wifi@1.0-service-lazy: WifiCommand::requestResponse err=-95
04-01 13:31:37.842  2639  2639 I WifiHAL : wifi_get_link_stats: result=-3
04-01 13:31:37.843  1630  2513 E WifiVendorHal: getWifiLinkLayerStats_1_5_Internal(l.1179) failed {.code = ERROR_NOT_SUPPORTED, .description = }
04-01 13:31:37.854  1630  3651 D SemWifiUsabilityStatsMonitor: onWifiUsabilityStats - seqNum 249631, isSameBssidAndFreq true
04-01 13:31:37.855  1630  2588 I SemWifiLinkQualityMonitor: Link Qos query: inf. ms / 0 Mbps
04-01 13:31:37.857  2680  2782 D MobileStatusTracker(1/2): onSignalStrengthsChanged level=3, vendorLevel=2
04-01 13:31:37.858  2680  2680 D NetworkController.WifiSignalController: notifyListener: visible=true, connected=true, inetCondition=1, isDefault=true, wifiTestReported=true, receivedInetCondition=-1, hideDuringMobileSwitching=false
04-01 13:31:37.858  2680  2782 D MobileSignalController(1/2): notifyListener: enabled=true, connected=true, dataConnected=false, networkType=LTE (4G), emergencyOnly=false, roaming=false, isDefault=false, dataActivity=, level=2, ca=false, mmWave=false, disabledDataIcon=false, simCard=ETC
04-01 13:31:37.861  2680  2782 D NetworkController: SignalStrength from intent slotId=1
04-01 13:31:37.889  1137  1137 I BufferQueueProducer: [StatusBar$_2680#95](this:0xb400007558c53838,id:-1,api:0,p:-1,c:1137) queueBuffer: fps=1.98 dur=1518.13 max=1233.18 min=55.00
04-01 13:31:37.892  1092  1165 I hwcomposer: [HWCDisplay] [Display_0 (type:1)] fps:1.975900,dur:1518.30,max:1233.48,min:54.63  
04-01 13:31:38.538 19119 19141 E AudioPathHelper: (Bean)(1.15)handleAudioPathTask() : can't get dual play mode - Attempt to invoke virtual method 'boolean android.bluetooth.BluetoothA2dp.semIsDualPlayMode()' on a null object reference
04-01 13:31:39.541 19119 19141 E AudioPathHelper: (Bean)(1.15)handleAudioPathTask() : can't get dual play mode - Attempt to invoke virtual method 'boolean android.bluetooth.BluetoothA2dp.semIsDualPlayMode()' on a null object reference
04-01 13:31:40.177  1630  2586 I SemWifiServiceDetector: Traff. tracking started
04-01 13:31:40.419  2680  2782 D MobileStatusTracker(1/2): onSignalStrengthsChanged level=3, vendorLevel=2
04-01 13:31:40.422  2680  2782 D MobileSignalController(1/2): notifyListener: enabled=true, connected=true, dataConnected=false, networkType=LTE (4G), emergencyOnly=false, roaming=false, isDefault=false, dataActivity=, level=2, ca=false, mmWave=false, disabledDataIcon=false, simCard=ETC
04-01 13:31:40.423  2680  2782 D NetworkController: SignalStrength from intent slotId=1
04-01 13:31:40.545 19119 19141 E AudioPathHelper: (Bean)(1.15)handleAudioPathTask() : can't get dual play mode - Attempt to invoke virtual method 'boolean android.bluetooth.BluetoothA2dp.semIsDualPlayMode()' on a null object reference
04-01 13:31:40.680  1630  2586 D SemNscXgbMsL1: Probability - Cloud gaming: [0.04415229]
04-01 13:31:40.681  1630  2586 D SemNscXgbMsL1: Probability - Real time: [0.10864212]
04-01 13:31:40.681  1630  2586 D SemNscXgbMsL1: Probability - Non real time: [0.915227]
04-01 13:31:40.681  1630  2586 D SemNscXgbMsL1: 1 sample inference time: 1.283923 msecs
04-01 13:31:40.684  1630  2586 D SemNscXgbL2Rt: L2 RT 1 sample inference time: 2.039923 msecs
04-01 13:31:40.685  1630  2586 D SemNscXgbL2Nrt: L2 NRT 1 sample inference time: 1.685 msecs
04-01 13:31:40.859  2639  2639 I WifiHAL : Get link layer stats
04-01 13:31:40.859  2639  2639 I WifiHAL : GetLinkStatsCommand::create
04-01 13:31:40.859  2639  2639 D android.hardware.wifi@1.0-service-lazy: WifiRequest::create vendor command to iface 40, vendor_id=0x1a11, subcmd=0x1200, res=0
04-01 13:31:40.859  2639  2639 I android.hardware.wifi@1.0-service-lazy: WifiCommand::requestResponse err=-95
04-01 13:31:40.860  2639  2639 I WifiHAL : wifi_get_link_stats: result=-3
04-01 13:31:40.861  1630  2513 E WifiVendorHal: getWifiLinkLayerStats_1_5_Internal(l.1179) failed {.code = ERROR_NOT_SUPPORTED, .description = }
04-01 13:31:40.872  1630  3651 D SemWifiUsabilityStatsMonitor: onWifiUsabilityStats - seqNum 249632, isSameBssidAndFreq true
04-01 13:31:40.873  1630  2588 I SemWifiLinkQualityMonitor: Link Qos query: inf. ms / 0 Mbps
04-01 13:31:40.942  1630  1677 E Watchdog: !@Sync: 56862 heap: 135 / 151 FD: 971 [2025-04-01 13:31:40.941]
04-01 13:31:41.127  2680  2680 D SecPowerUI.Notification: showChargingNotice oldChargingType : 11 / currentChargingType : 11, oldChargingTime : 21570000 / mChargingTime : 21570000
04-01 13:31:41.127  2680  2680 D SecPowerUI.Notification: There is no change about charging status, so return!
04-01 13:31:41.187  1630  2586 D SemNscXgbMsL1: Probability - Cloud gaming: [0.04415229]
04-01 13:31:41.188  1630  2586 D SemNscXgbMsL1: Probability - Real time: [0.10864212]
04-01 13:31:41.188  1630  2586 D SemNscXgbMsL1: Probability - Non real time: [0.915227]
04-01 13:31:41.188  1630  2586 D SemNscXgbMsL1: 1 sample inference time: 1.143154 msecs
04-01 13:31:41.190  1630  2586 D SemNscXgbL2Rt: L2 RT 1 sample inference time: 2.287385 msecs
04-01 13:31:41.192  1630  2586 D SemNscXgbL2Nrt: L2 NRT 1 sample inference time: 1.662461 msecs
04-01 13:31:41.548 19119 19141 E AudioPathHelper: (Bean)(1.15)handleAudioPathTask() : can't get dual play mode - Attempt to invoke virtual method 'boolean android.bluetooth.BluetoothA2dp.semIsDualPlayMode()' on a null object reference
04-01 13:31:41.690  1446  1446 D connsyslogger: Open FIFO for close
04-01 13:31:41.693  1630  2586 D SemNscXgbMsL1: Probability - Cloud gaming: [0.04415229]
04-01 13:31:41.694  1630  2586 D SemNscXgbMsL1: Probability - Real time: [0.10864212]
04-01 13:31:41.694  1630  2586 D SemNscXgbMsL1: Probability - Non real time: [0.915227]
04-01 13:31:41.694  1630  2586 D SemNscXgbMsL1: 1 sample inference time: 1.135077 msecs
04-01 13:31:41.696  2680  2782 D MobileStatusTracker(1/2): onSignalStrengthsChanged level=3, vendorLevel=2
04-01 13:31:41.697  1630  2586 D SemNscXgbL2Rt: L2 RT 1 sample inference time: 2.227923 msecs
04-01 13:31:41.699  1630  2586 D SemNscXgbL2Nrt: L2 NRT 1 sample inference time: 1.70677 msecs
04-01 13:31:41.699  2680  2782 D MobileSignalController(1/2): notifyListener: enabled=true, connected=true, dataConnected=false, networkType=LTE (4G), emergencyOnly=false, roaming=false, isDefault=false, dataActivity=, level=2, ca=false, mmWave=false, disabledDataIcon=false, simCard=ETC
04-01 13:31:41.701  2680  2782 D NetworkController: SignalStrength from intent slotId=1
04-01 13:31:41.924 20085 20085 I wpa_supplicant: Heartbeat 67145
04-01 13:31:42.201  1630  2586 D SemNscXgbMsL1: Probability - Cloud gaming: [0.04415229]
04-01 13:31:42.202  1630  2586 D SemNscXgbMsL1: Probability - Real time: [0.10864212]
04-01 13:31:42.202  1630  2586 D SemNscXgbMsL1: Probability - Non real time: [0.915227]
04-01 13:31:42.202  1630  2586 D SemNscXgbMsL1: 1 sample inference time: 1.343692 msecs
04-01 13:31:42.204  1630  2586 D SemNscXgbL2Rt: L2 RT 1 sample inference time: 2.178462 msecs
04-01 13:31:42.206  1630  2586 D SemNscXgbL2Nrt: L2 NRT 1 sample inference time: 1.774693 msecs
04-01 13:31:42.550 19119 19141 E AudioPathHelper: (Bean)(1.15)handleAudioPathTask() : can't get dual play mode - Attempt to invoke virtual method 'boolean android.bluetooth.BluetoothA2dp.semIsDualPlayMode()' on a null object reference
04-01 13:31:42.708  1630  2586 D SemNscXgbMsL1: Probability - Cloud gaming: [0.04415229]
04-01 13:31:42.708  1630  2586 D SemNscXgbMsL1: Probability - Real time: [0.10864212]
04-01 13:31:42.708  1630  2586 D SemNscXgbMsL1: Probability - Non real time: [0.915227]
04-01 13:31:42.708  1630  2586 D SemNscXgbMsL1: 1 sample inference time: 0.899923 msecs
04-01 13:31:42.710  1630  2586 D SemNscXgbL2Rt: L2 RT 1 sample inference time: 1.445924 msecs
04-01 13:31:42.711  1630  2586 D SemNscXgbL2Nrt: L2 NRT 1 sample inference time: 0.585846 msecs
04-01 13:31:42.724  4006  4715 I SDHMS:D : SIOP:: AP:182 BAT:230 USB:0 CHG:241 PA:193 BLK:0 SUBBAT:0 SKIN:239 SKINF:233 SKINB:239 LRP:243 LRP2:239 LRF:232 LRB:243 LRF2:233 LRB2:239 AP2:237 CHG2:230 WIFI2:239 SPK2:252
04-01 13:31:43.150  1630  2586 I SemWifiServiceDetector: Traff. tracking stopped
04-01 13:31:43.554 19119 19141 E AudioPathHelper: (Bean)(1.15)handleAudioPathTask() : can't get dual play mode - Attempt to invoke virtual method 'boolean android.bluetooth.BluetoothA2dp.semIsDualPlayMode()' on a null object reference
04-01 13:31:43.799   584   584 D io_stats: !@ 179,0 r 353512846 5911810322 w 99540127 1236234080 d 0 0 f 0 0 iot 136035324 0 th 0 0 0 pt 0 inp 0 0 1707105.106
04-01 13:31:43.876  2639  2639 I WifiHAL : Get link layer stats
04-01 13:31:43.877  2639  2639 I WifiHAL : GetLinkStatsCommand::create
04-01 13:31:43.877  2639  2639 D android.hardware.wifi@1.0-service-lazy: WifiRequest::create vendor command to iface 40, vendor_id=0x1a11, subcmd=0x1200, res=0
04-01 13:31:43.877  2639  2639 I android.hardware.wifi@1.0-service-lazy: WifiCommand::requestResponse err=-95
04-01 13:31:43.877  2639  2639 I WifiHAL : wifi_get_link_stats: result=-3
04-01 13:31:43.878  1630  2513 E WifiVendorHal: getWifiLinkLayerStats_1_5_Internal(l.1179) failed {.code = ERROR_NOT_SUPPORTED, .description = }
04-01 13:31:43.891  1630  2533 D ConnectivityService: notifyType CALLBACK_CAP_CHANGED for [2127 WIFI]
04-01 13:31:43.892  1630  3651 D SemWifiUsabilityStatsMonitor: onWifiUsabilityStats - seqNum 249633, isSameBssidAndFreq true
04-01 13:31:43.893  1630  2588 I SemWifiLinkQualityMonitor: Link Qos query: inf. ms / 0 Mbps
04-01 13:31:43.894  2680  2680 D NetworkController.WifiSignalController: notifyListener: visible=true, connected=true, inetCondition=1, isDefault=true, wifiTestReported=true, receivedInetCondition=-1, hideDuringMobileSwitching=false
04-01 13:31:43.899  1630  2562 D SemWifiSwitchForIndividualAppsService: stopTCPMonitoring : already stopped
04-01 13:31:43.900  1630  2562 I WifiConnectivityMonitor.NCC: sNetworkCallback(oCC) FULL : 2127(true/false)[ Transports: WIFI Capabilities: NOT_METERED&INTERNET&NOT_RESTRICTED&TRUSTED&NOT_VPN&VALIDATED&NOT_ROAMING&FOREGROUND&NOT_CONGESTED&NOT_SUSPENDED&NOT_VCN_MANAGED LinkUpBandwidth>=12000Kbps LinkDnBandwidth>=60000Kbps TransportInfo: <SSID: <unknown ssid>, BSSID: 02:00:00:**:**:00, MAC: 02:00:00:**:**:00, IP: /192.168.178.168, Security type: 2, Supplicant state: COMPLETED, Wi-Fi standard: 5, RSSI: -65, Link speed: 390Mbps, Tx Link speed: 390Mbps, Max Supported Tx Link speed: 433Mbps, Rx Link speed: 6Mbps, Max Supported Rx Link speed: 433Mbps, Frequency: 5580MHz, Net ID: -1, Metered hint: false, score: 60, isUsable: true, CarrierMerged: false, SubscriptionId: -1, IsPrimary: 1, Trusted: true, Restricted: false, Ephemeral: false, OEM paid: false, OEM private: false, OSU AP: false, FQDN: <none>, Provider friendly name: <none>, Requesting package name: <none><none>MLO Information: , AP MLD Address: <none>, AP MLO Link Id: <none>, AP MLO Affiliated links: <none>> SignalStrength: -65 AdminUids: [1000] SSID: "Wlandimir Routin" UnderlyingNetworks: Null]
04-01 13:31:43.903  1630  2604 I WifiConnectivityMonitor: current mode : 1
04-01 13:31:43.903  1630  2604 D OpenNetworkQos[4.00]: updateBssidNoInternet: mBssidNoInternet = false
04-01 13:31:43.903  1630  2604 D OpenNetworkQos[4.00]: getOpenNetworkQosNoInternetStatus: false
04-01 13:31:43.903  1630  2604 D OpenNetworkQos[4.00]: getOpenNetworkQosScores: 26 26 26
04-01 13:31:43.904  1630  2604 D SettingsProvider: isChangeAllowed() : name = wifi_wcm_qos_sharing_score_summary
04-01 13:31:43.904  1630  2604 I WifiProfileShare: network QoS data was changed (internet), updateQoSData networkType: true, qosData: false
04-01 13:31:43.905  1630  3505 V WifiProfileShare.Caster: update wips network, size: 0
04-01 13:31:43.905  1630  3505 D WifiProfileShare: nearby scanning settings run
04-01 13:31:43.905  1630  3505 D WifiProfileShare: network score provider settings enabled
04-01 13:31:43.905  1630  3505 D OpenNetworkQos[4.00]: getOpenNetworkQosScores: 26 26 26
04-01 13:31:43.905  1630  3505 D OpenNetworkQos[4.00]: getOpenNetworkQosNoInternetStatus: false
04-01 13:31:43.906  1630  3505 I WifiProfileShare.Caster: current network type: 0, score: [26, 26, 26]
04-01 13:31:43.906 29285 29850 I HBD     : g onCapabilitiesChanged network : 2127 current network state : wifi
04-01 13:31:43.906  1630  3505 V WifiProfileShare.Cache: update network score 44:4e:6d:**:**:35
04-01 13:31:43.906  1630  3505 D WifiProfileShare.ScanMatcher: getMcfDataList size:2
04-01 13:31:43.907  1630  3505 I WifiProfileShare.Caster: qos data was updated , before:type:QOS, pBssid:f3:4f:71, qosData:7c after:type:QOS, pBssid:f3:4f:71, qosData:7c
04-01 13:31:43.908 18314 18345 I BugleRcsEngine: Connected state: [1], networkType: [WIFI] [CONTEXT thread_id=5790 ]
04-01 13:31:43.908 18314 18389 I BugleRcsEngine: handleMessage processing message:[NOTIFY_UPTIME_IGNORE_STATE_CHANGED] with [non-null]:RcsEngineImpl reference [CONTEXT log_prefix="RcsEngineImpl[DUAL_REG]:[0f1653dc-62c5]>Handler" thread_id=5803 ]
04-01 13:31:43.910 18314 18345 I BugleRcsEngine: Connected state: [1], networkType: [WIFI] [CONTEXT thread_id=5790 ]
04-01 13:31:43.910 18314 18388 I BugleRcsEngine: handleMessage processing message:[NOTIFY_UPTIME_IGNORE_STATE_CHANGED] with [non-null]:RcsEngineImpl reference [CONTEXT log_prefix="RcsEngineImpl[DUAL_REG]:[e34f28f9-8607]>Handler" thread_id=5802 ]
04-01 13:31:43.910  1630  3505 I [MCFSDK_android_1.2.4010]_4_b: isNetworkEnabled - type : 1 ret : true
04-01 13:31:43.910  1630  3505 D WifiProfileShare.McfCast: -ME--- mIsNetworkEnabled :true
04-01 13:31:43.910  1630  3505 D WifiProfileShare.McfCast: updateQoSData ignored, same contents
04-01 13:31:43.910  1630  3505 D WifiProfileShare.MCF: success update QosData !
04-01 13:31:43.911  1630  3505 I [MCFSDK_android_1.2.4010]_4_b: isNetworkEnabled - type : 1 ret : true
04-01 13:31:43.911  1630  3505 D WifiProfileShare.McfCast: -ME--- mIsNetworkEnabled :true
04-01 13:31:43.911  1630  3505 D WifiProfileShare.McfCast: -ME--- updatePasswordDate pwdData size:2
04-01 13:31:43.912  1630  1688 W libprocessgroup: Failed to open /dev/blkio//cgroup.procs: No such file or directory
04-01 13:31:43.913  2680  2782 D NetworkController.WifiSignalController: notifyListener: visible=true, connected=true, inetCondition=1, isDefault=true, wifiTestReported=true, receivedInetCondition=-1, hideDuringMobileSwitching=false
04-01 13:31:43.917  9623  6998 I NullBinder: NullBinder for android.net.action.RECOMMEND_NETWORKS triggering remote TransactionTooLargeException due to Service without Chimera impl
04-01 13:31:43.918  9623  6998 W .gms.persistent: Large reply transaction of 1056768 bytes, interface descriptor , code 1
04-01 13:31:43.921 18314 18389 I BugleRcsEngine: Rcs is enabled from user settings: true [CONTEXT log_prefix="ProvisioningEngineDataRetriever" thread_id=5803 ]
04-01 13:31:43.923 18314 18388 I BugleRcsEngine: Rcs is enabled from user settings: true [CONTEXT log_prefix="ProvisioningEngineDataRetriever" thread_id=5802 ]
04-01 13:31:43.930  1137  1137 I BufferQueueProducer: [StatusBar$_2680#95](this:0xb400007558c53838,id:-1,api:0,p:-1,c:1137) queueBuffer: fps=0.17 dur=6041.63 max=6041.63 min=6041.63
04-01 13:31:43.932  1092  1165 I hwcomposer: [HWCDisplay] [Display_0 (type:1)] fps:0.165557,dur:6040.22,max:6040.22,min:6040.22
04-01 13:31:44.009 29285 29285 I HBD     : g onCapabilityChanged  setNetworkState currentNetworkState : wifi 
04-01 13:31:44.410  9623  7411 I NearbySharing: Network state changed: NetworkState(isRestricted=false, isOnline=true, isCongested=false, isMetered=false, isWifiConnected=true)
04-01 13:31:44.558 19119 19141 E AudioPathHelper: (Bean)(1.15)handleAudioPathTask() : can't get dual play mode - Attempt to invoke virtual method 'boolean android.bluetooth.BluetoothA2dp.semIsDualPlayMode()' on a null object reference
04-01 13:31:45.536  2680  2782 D MobileStatusTracker(1/2): onSignalStrengthsChanged level=3, vendorLevel=2
04-01 13:31:45.539  2680  2782 D MobileSignalController(1/2): notifyListener: enabled=true, connected=true, dataConnected=false, networkType=LTE (4G), emergencyOnly=false, roaming=false, isDefault=false, dataActivity=, level=2, ca=false, mmWave=false, disabledDataIcon=false, simCard=ETC
04-01 13:31:45.540  2680  2782 D NetworkController: SignalStrength from intent slotId=1
04-01 13:31:45.559 19119 19141 E AudioPathHelper: (Bean)(1.15)handleAudioPathTask() : can't get dual play mode - Attempt to invoke virtual method 'boolean android.bluetooth.BluetoothA2dp.semIsDualPlayMode()' on a null object reference
04-01 13:31:46.146  1093  1093 E android.hardware.health@2.1-service-samsung: Could not open /sys/class/power_supply/battery/lrp
04-01 13:31:46.148  1630  2644 D BatteryService: Sending ACTION_BATTERY_CHANGED: level:34, status:2, health:2, ac:false, usb:true, wireless:false, pogo:false, misc:0x10000, charge_type:1, charger_type:0, voltage:3881, temperature:230, online:4, current_avg:393, ps:false, hvc:false, capacity:280000, current_event:0x0, current_now:397, mcc:0, mcv:0, cc:1705000, present:true, scale:100, technology:Li-ion
04-01 13:31:46.150  1630  1949 D MotionRecognitionService: [SAR]  onReceive : ACTION_BATTERY_CHANGED, Plugged: 2
04-01 13:31:46.151  1630  1630 D PhoneWindowManagerExt: ACTION_BATTERY_CHANGED - Level=34, status=2
04-01 13:31:46.153  1630  2621 I DeviceBatteryInfoService: action: android.intent.action.BATTERY_CHANGED
04-01 13:31:46.153  1630  2621 I DeviceBatteryInfoService: phone battery level: 34
04-01 13:31:46.153  1630  2621 I DeviceBatteryInfoService: phone battery status: 2
04-01 13:31:46.154  1630  1630 D AdaptiveBrightnessLongtermModelBuilder: Received android.intent.action.BATTERY_CHANGED
04-01 13:31:46.154  1630  1630 D SemWifiApBroadcastReceiver: Received : android.intent.action.BATTERY_CHANGED
04-01 13:31:46.156  2680  2680 D KeyguardUpdateMonitor: received broadcast android.intent.action.BATTERY_CHANGED
04-01 13:31:46.156  2989  2989 D SemBigDataInfoController: Intent: android.intent.action.BATTERY_CHANGED
04-01 13:31:46.156  2680  2680 I PowerUI : mBootCompleted = true |  mFullyConnected = true
04-01 13:31:46.156  2680  2680 I PowerUI : BATTERY_HEALTH_CHECK extraHealth=2 mBatteryMiscEvent=65536
04-01 13:31:46.157  2680  8208 D SecPowerUI.Notification: dismissing low battery warning: level=34
04-01 13:31:46.157  2989  2989 D SemBigDataInfoController: Intent: android.intent.action.BATTERY_CHANGED
04-01 13:31:46.157  2680  8208 D SecPowerUI.Notification: updateNotification mWarning=false mPlaySound=false
04-01 13:31:46.157  2680  8208 D SecPowerUI.Notification: SecBatteryStatsSnapshot{batteryLevel=34, currentBatteryMode=0, chargingTime=21570000, chargingType=11, batteryHealth=2, automaticTestMode=false, isHiccupState=false}
04-01 13:31:46.158  2680  2680 W PowerUI : Plug reason
04-01 13:31:46.158  2680  2680 W PowerUI : Skip charging animation - by plug status
04-01 13:31:46.158  2680  2680 D PowerUI : priorPlugType = 2 mPlugType = 2 priorBatteryStatus = 2 mBatteryStatus = 2
04-01 13:31:46.158  2680  2680 W PowerUI : Plug reason
04-01 13:31:46.158  2680  2680 W PowerUI : Skip charging sound - by plug status
04-01 13:31:46.158  2680  2680 I PowerUI : oldMisalign : false, curMisalign : false
04-01 13:31:46.159  2680  8208 D SecPowerUI.Notification: 1. restoreScreenTimeOut - saved_value : :
04-01 13:31:46.159  2680  8208 E SecPowerUI.Notification: no saved value, so we do nothing !!
04-01 13:31:46.161  2680  2680 D SecPowerUI.Notification: showChargingNotice oldChargingType : 11 / currentChargingType : 11, oldChargingTime : 21570000 / mChargingTime : 21570000
04-01 13:31:46.161  2680  2680 D SecPowerUI.Notification: There is no change about charging status, so return!
04-01 13:31:46.161  2680  2680 D PowerUI : Battery swelling mode - priorBatterySwellingMode = 0 mBatterySwellingMode = 0 mBatteryStatus = 2
04-01 13:31:46.161  2680  2680 I PowerUI : mBatteryMiscEvent = 65536
04-01 13:31:46.162  2680  2680 D SamsungBatteryMeterDrawable: onBatteryLevelChanged isSomethingChanged: false
04-01 13:31:46.162  2680  2680 D SamsungBatteryMeterDrawable: onBatteryLevelChanged isSomethingChanged: false
04-01 13:31:46.163  2680  2680 D SamsungBatteryMeterDrawable: onBatteryLevelChanged isSomethingChanged: false
04-01 13:31:46.164  2680  2680 D SamsungBatteryMeterDrawable: onBatteryLevelChanged isSomethingChanged: false
04-01 13:31:46.164  2680  2680 D KeyguardUpdateMonitor: handleBatteryUpdate
04-01 13:31:46.166  2680  2680 I AODBatteryManager: updateBatteryData: ACTION_BATTERY_CHANGED
04-01 13:31:46.168  2680  2680 I AODBatteryManager: saveBatteryData : AOD BatteryData [mBatteryLevel=34, mBatteryStatus=CHARGING, mBatteryPlugType=USB, mBatteryPlugged=true, mRemainingChargeTime=21570000, mBatteryChargingType=1, mBatteryChargerType=NORMAL, mBatteryOnline=USB, mBatterySwellingMode=NONE, mBatteryProtectMode=false]
04-01 13:31:46.563 19119 19141 E AudioPathHelper: (Bean)(1.15)handleAudioPathTask() : can't get dual play mode - Attempt to invoke virtual method 'boolean android.bluetooth.BluetoothA2dp.semIsDualPlayMode()' on a null object reference
04-01 13:31:46.691  1446  1446 D connsyslogger: Open FIFO for close
04-01 13:31:46.816  2680  2782 D MobileStatusTracker(1/2): onSignalStrengthsChanged level=3, vendorLevel=2
04-01 13:31:46.819  2680  2782 D MobileSignalController(1/2): notifyListener: enabled=true, connected=true, dataConnected=false, networkType=LTE (4G), emergencyOnly=false, roaming=false, isDefault=false, dataActivity=, level=2, ca=false, mmWave=false, disabledDataIcon=false, simCard=ETC
04-01 13:31:46.819  2680  2782 D NetworkController: SignalStrength from intent slotId=1
04-01 13:31:46.897  2639  2639 I WifiHAL : Get link layer stats
04-01 13:31:46.897  2639  2639 I WifiHAL : GetLinkStatsCommand::create
04-01 13:31:46.897  2639  2639 D android.hardware.wifi@1.0-service-lazy: WifiRequest::create vendor command to iface 40, vendor_id=0x1a11, subcmd=0x1200, res=0
04-01 13:31:46.897  2639  2639 I android.hardware.wifi@1.0-service-lazy: WifiCommand::requestResponse err=-95
04-01 13:31:46.897  2639  2639 I WifiHAL : wifi_get_link_stats: result=-3
04-01 13:31:46.898  1630  2513 E WifiVendorHal: getWifiLinkLayerStats_1_5_Internal(l.1179) failed {.code = ERROR_NOT_SUPPORTED, .description = }
04-01 13:31:46.910  1630  3651 D SemWifiUsabilityStatsMonitor: onWifiUsabilityStats - seqNum 249634, isSameBssidAndFreq true
04-01 13:31:46.911  1630  2588 I SemWifiLinkQualityMonitor: Link Qos query: inf. ms / 0 Mbps
04-01 13:31:47.552  8228  8363 I ContactsProvider_EventLog: cp_s: [CONTACT con(52) dat(558) acc({phone(1)=1, sec(6)=9, sim2(2)=5, com.whatsapp(12)=40, org.telegram.messenger(54)=17, google(29)=37}) trash_acc([.signin:6])  trash(6)  trash_sync(27) calls([logtype:100 cnt:60, logtype:500 cnt:9, logtype:1000 cnt:1179]) Iso(DE) uId(0) ]
04-01 13:31:47.552  8228  8363 I ContactsProvider_EventLog: cp_s: [ agr({[29 ,12]=15, [29]=4, [6 ,12]=6, [6]=2, [29 ,12 ,54]=13, [2]=5, [1 ,12 ,54]=1, [12 ,29]=3, [12 ,29 ,54]=1, [6 ,12 ,54]=1, [29 ,54]=1}) ]
04-01 13:31:47.552  8228  8363 I ContactsProvider_EventLog: cp_s: [ cnt({acore(8228)=1}) ]
04-01 13:31:47.552  8228  8363 I ContactsProvider_EventLog: cp_s: [PROFILE ] [SAPROFILE con(1) acc({phone(1)=1}) ]
04-01 13:31:47.552  8228  8363 I ContactsProvider_EventLog: cp_s: [STATE R(F) ]
04-01 13:31:47.567 19119 19141 E AudioPathHelper: (Bean)(1.15)handleAudioPathTask() : can't get dual play mode - Attempt to invoke virtual method 'boolean android.bluetooth.BluetoothA2dp.semIsDualPlayMode()' on a null object reference
04-01 13:31:47.801   584   584 D io_stats: !@ 179,0 r 353512847 5911810326 w 99540129 1236234088 d 0 0 f 0 0 iot 136035328 0 th 0 0 0 pt 0 inp 0 0 1707109.108
04-01 13:31:48.095  2680  2782 D MobileStatusTracker(1/2): onSignalStrengthsChanged level=3, vendorLevel=2
04-01 13:31:48.098  2680  2782 D MobileSignalController(1/2): notifyListener: enabled=true, connected=true, dataConnected=false, networkType=LTE (4G), emergencyOnly=false, roaming=false, isDefault=false, dataActivity=, level=2, ca=false, mmWave=false, disabledDataIcon=false, simCard=ETC
04-01 13:31:48.099  2680  2782 D NetworkController: SignalStrength from intent slotId=1
04-01 13:31:48.570 19119 19141 E AudioPathHelper: (Bean)(1.15)handleAudioPathTask() : can't get dual play mode - Attempt to invoke virtual method 'boolean android.bluetooth.BluetoothA2dp.semIsDualPlayMode()' on a null object reference
04-01 13:31:49.187  1630  2586 I SemWifiServiceDetector: Traff. tracking started
04-01 13:31:49.375  2680  2782 D MobileStatusTracker(1/2): onSignalStrengthsChanged level=3, vendorLevel=2
04-01 13:31:49.378  2680  2782 D MobileSignalController(1/2): notifyListener: enabled=true, connected=true, dataConnected=false, networkType=LTE (4G), emergencyOnly=false, roaming=false, isDefault=false, dataActivity=, level=2, ca=false, mmWave=false, disabledDataIcon=false, simCard=ETC
04-01 13:31:49.379  2680  2782 D NetworkController: SignalStrength from intent slotId=1
04-01 13:31:49.574 19119 19141 E AudioPathHelper: (Bean)(1.15)handleAudioPathTask() : can't get dual play mode - Attempt to invoke virtual method 'boolean android.bluetooth.BluetoothA2dp.semIsDualPlayMode()' on a null object reference
04-01 13:31:49.690  1630  2586 D SemNscXgbMsL1: Probability - Cloud gaming: [0.04415229]
04-01 13:31:49.691  1630  2586 D SemNscXgbMsL1: Probability - Real time: [0.10864212]
04-01 13:31:49.691  1630  2586 D SemNscXgbMsL1: Probability - Non real time: [0.915227]
04-01 13:31:49.691  1630  2586 D SemNscXgbMsL1: 1 sample inference time: 1.219692 msecs
04-01 13:31:49.694  1630  2586 D SemNscXgbL2Rt: L2 RT 1 sample inference time: 2.340385 msecs
04-01 13:31:49.695  1630  2586 D SemNscXgbL2Nrt: L2 NRT 1 sample inference time: 1.575692 msecs
04-01 13:31:49.914  2639  2639 I WifiHAL : Get link layer stats
04-01 13:31:49.915  2639  2639 I WifiHAL : GetLinkStatsCommand::create
04-01 13:31:49.915  2639  2639 D android.hardware.wifi@1.0-service-lazy: WifiRequest::create vendor command to iface 40, vendor_id=0x1a11, subcmd=0x1200, res=0
04-01 13:31:49.915  2639  2639 I android.hardware.wifi@1.0-service-lazy: WifiCommand::requestResponse err=-95
04-01 13:31:49.915  2639  2639 I WifiHAL : wifi_get_link_stats: result=-3
04-01 13:31:49.916  1630  2513 E WifiVendorHal: getWifiLinkLayerStats_1_5_Internal(l.1179) failed {.code = ERROR_NOT_SUPPORTED, .description = }
04-01 13:31:49.928  1630  3651 D SemWifiUsabilityStatsMonitor: onWifiUsabilityStats - seqNum 249635, isSameBssidAndFreq true
04-01 13:31:49.929  1630  2533 D ConnectivityService: notifyType CALLBACK_CAP_CHANGED for [2127 WIFI]
04-01 13:31:49.930  2680  2680 D NetworkController.WifiSignalController: notifyListener: visible=true, connected=true, inetCondition=1, isDefault=true, wifiTestReported=true, receivedInetCondition=-1, hideDuringMobileSwitching=false
04-01 13:31:49.931  1630  2588 I SemWifiLinkQualityMonitor: Link Qos query: inf. ms / 0 Mbps
04-01 13:31:49.935  1630  2562 D SemWifiSwitchForIndividualAppsService: stopTCPMonitoring : already stopped
04-01 13:31:49.935  1630  2562 I WifiConnectivityMonitor.NCC: sNetworkCallback(oCC) FULL : 2127(true/false)[ Transports: WIFI Capabilities: NOT_METERED&INTERNET&NOT_RESTRICTED&TRUSTED&NOT_VPN&VALIDATED&NOT_ROAMING&FOREGROUND&NOT_CONGESTED&NOT_SUSPENDED&NOT_VCN_MANAGED LinkUpBandwidth>=12000Kbps LinkDnBandwidth>=60000Kbps TransportInfo: <SSID: <unknown ssid>, BSSID: 02:00:00:**:**:00, MAC: 02:00:00:**:**:00, IP: /192.168.178.168, Security type: 2, Supplicant state: COMPLETED, Wi-Fi standard: 5, RSSI: -62, Link speed: 390Mbps, Tx Link speed: 390Mbps, Max Supported Tx Link speed: 433Mbps, Rx Link speed: 6Mbps, Max Supported Rx Link speed: 433Mbps, Frequency: 5580MHz, Net ID: -1, Metered hint: false, score: 60, isUsable: true, CarrierMerged: false, SubscriptionId: -1, IsPrimary: 1, Trusted: true, Restricted: false, Ephemeral: false, OEM paid: false, OEM private: false, OSU AP: false, FQDN: <none>, Provider friendly name: <none>, Requesting package name: <none><none>MLO Information: , AP MLD Address: <none>, AP MLO Link Id: <none>, AP MLO Affiliated links: <none>> SignalStrength: -62 AdminUids: [1000] SSID: "Wlandimir Routin" UnderlyingNetworks: Null]
04-01 13:31:49.936  1630  2604 I WifiConnectivityMonitor: current mode : 1
04-01 13:31:49.936  1630  2604 D OpenNetworkQos[4.00]: updateBssidNoInternet: mBssidNoInternet = false
04-01 13:31:49.936  1630  2604 D OpenNetworkQos[4.00]: getOpenNetworkQosNoInternetStatus: false
04-01 13:31:49.936  1630  2604 D OpenNetworkQos[4.00]: getOpenNetworkQosScores: 26 26 26
04-01 13:31:49.936  1630  2604 D SettingsProvider: isChangeAllowed() : name = wifi_wcm_qos_sharing_score_summary
04-01 13:31:49.937  1630  2604 I WifiProfileShare: network QoS data was changed (internet), updateQoSData networkType: true, qosData: false
04-01 13:31:49.937  1630  3505 V WifiProfileShare.Caster: update wips network, size: 0
04-01 13:31:49.937  1630  3505 D WifiProfileShare: nearby scanning settings run
04-01 13:31:49.937  1630  3505 D WifiProfileShare: network score provider settings enabled
04-01 13:31:49.938  1630  3505 D OpenNetworkQos[4.00]: getOpenNetworkQosScores: 26 26 26
04-01 13:31:49.938  1630  3505 D OpenNetworkQos[4.00]: getOpenNetworkQosNoInternetStatus: false
04-01 13:31:49.938  1630  3505 I WifiProfileShare.Caster: current network type: 0, score: [26, 26, 26]
04-01 13:31:49.938  1630  3505 V WifiProfileShare.Cache: update network score 44:4e:6d:**:**:35
04-01 13:31:49.939  1630  3505 D WifiProfileShare.ScanMatcher: getMcfDataList size:2
04-01 13:31:49.939  1630  3505 I WifiProfileShare.Caster: qos data was updated , before:type:QOS, pBssid:f3:4f:71, qosData:7c after:type:QOS, pBssid:f3:4f:71, qosData:7c
04-01 13:31:49.940  1630  3505 I [MCFSDK_android_1.2.4010]_4_b: isNetworkEnabled - type : 1 ret : true
04-01 13:31:49.940  1630  3505 D WifiProfileShare.McfCast: -ME--- mIsNetworkEnabled :true
04-01 13:31:49.940  1630  3505 D WifiProfileShare.McfCast: updateQoSData ignored, same contents
04-01 13:31:49.940  1630  3505 D WifiProfileShare.MCF: success update QosData !
04-01 13:31:49.946  2680  2782 D NetworkController.WifiSignalController: notifyListener: visible=true, connected=true, inetCondition=1, isDefault=true, wifiTestReported=true, receivedInetCondition=-1, hideDuringMobileSwitching=false
04-01 13:31:49.949  1630  3505 I [MCFSDK_android_1.2.4010]_4_b: isNetworkEnabled - type : 1 ret : true
04-01 13:31:49.949  1630  3505 D WifiProfileShare.McfCast: -ME--- mIsNetworkEnabled :true
04-01 13:31:49.949  1630  3505 D WifiProfileShare.McfCast: -ME--- updatePasswordDate pwdData size:2
04-01 13:31:49.949 29285 29850 I HBD     : g onCapabilitiesChanged network : 2127 current network state : wifi
04-01 13:31:49.951  9623  6998 I NullBinder: NullBinder for android.net.action.RECOMMEND_NETWORKS triggering remote TransactionTooLargeException due to Service without Chimera impl
04-01 13:31:49.951  9623  6998 W .gms.persistent: Large reply transaction of 1056768 bytes, interface descriptor , code 1
04-01 13:31:49.958 18314 18388 I BugleRcsEngine: handleMessage processing message:[NOTIFY_UPTIME_IGNORE_STATE_CHANGED] with [non-null]:RcsEngineImpl reference [CONTEXT log_prefix="RcsEngineImpl[DUAL_REG]:[e34f28f9-8607]>Handler" thread_id=5802 ]
04-01 13:31:49.958 18314 18345 I BugleRcsEngine: Connected state: [1], networkType: [WIFI] [CONTEXT thread_id=5790 ]
04-01 13:31:49.960 18314 18389 I BugleRcsEngine: handleMessage processing message:[NOTIFY_UPTIME_IGNORE_STATE_CHANGED] with [non-null]:RcsEngineImpl reference [CONTEXT log_prefix="RcsEngineImpl[DUAL_REG]:[0f1653dc-62c5]>Handler" thread_id=5803 ]
04-01 13:31:49.961 18314 18345 I BugleRcsEngine: Connected state: [1], networkType: [WIFI] [CONTEXT thread_id=5790 ]
04-01 13:31:49.963  1137  1137 I SurfaceFlinger: SFWD update time=1707111270165289
04-01 13:31:49.963  1137  1137 I BufferQueueProducer: [StatusBar$_2680#95](this:0xb400007558c53838,id:-1,api:0,p:-1,c:1137) queueBuffer: fps=0.33 dur=6033.12 max=6021.66 min=11.46
04-01 13:31:49.965  1092  1165 I hwcomposer: [HWCDisplay] [Display_0 (type:1)] fps:0.331503,dur:6033.12,max:6021.77,min:11.35
04-01 13:31:49.965  1630  1688 W libprocessgroup: Failed to open /dev/blkio//cgroup.procs: No such file or directory
04-01 13:31:49.977 18314 18389 I BugleRcsEngine: Rcs is enabled from user settings: true [CONTEXT log_prefix="ProvisioningEngineDataRetriever" thread_id=5803 ]
04-01 13:31:49.978 18314 18388 I BugleRcsEngine: Rcs is enabled from user settings: true [CONTEXT log_prefix="ProvisioningEngineDataRetriever" thread_id=5802 ]
04-01 13:31:50.052 29285 29285 I HBD     : g onCapabilityChanged  setNetworkState currentNetworkState : wifi 
04-01 13:31:50.197  1630  2586 D SemNscXgbMsL1: Probability - Cloud gaming: [0.04415229]
04-01 13:31:50.198  1630  2586 D SemNscXgbMsL1: Probability - Real time: [0.10864212]
04-01 13:31:50.198  1630  2586 D SemNscXgbMsL1: Probability - Non real time: [0.915227]
04-01 13:31:50.198  1630  2586 D SemNscXgbMsL1: 1 sample inference time: 1.241 msecs
04-01 13:31:50.200  1630  2586 D SemNscXgbL2Rt: L2 RT 1 sample inference time: 2.058769 msecs
04-01 13:31:50.202  1630  2586 D SemNscXgbL2Nrt: L2 NRT 1 sample inference time: 1.666461 msecs
04-01 13:31:50.454  9623  7411 I NearbySharing: Network state changed: NetworkState(isRestricted=false, isOnline=true, isCongested=false, isMetered=false, isWifiConnected=true)
04-01 13:31:50.578 19119 19141 E AudioPathHelper: (Bean)(1.15)handleAudioPathTask() : can't get dual play mode - Attempt to invoke virtual method 'boolean android.bluetooth.BluetoothA2dp.semIsDualPlayMode()' on a null object reference
04-01 13:31:50.656  2680  2782 D MobileStatusTracker(1/2): onSignalStrengthsChanged level=3, vendorLevel=2
04-01 13:31:50.659  2680  2782 D MobileSignalController(1/2): notifyListener: enabled=true, connected=true, dataConnected=false, networkType=LTE (4G), emergencyOnly=false, roaming=false, isDefault=false, dataActivity=, level=2, ca=false, mmWave=false, disabledDataIcon=false, simCard=ETC
04-01 13:31:50.659  2680  2782 D NetworkController: SignalStrength from intent slotId=1
04-01 13:31:50.704  1630  2586 D SemNscXgbMsL1: Probability - Cloud gaming: [0.04415229]
