04-01 13:31:07.682  1630  2513 E WifiVendorHal: getWifiLinkLayerStats_1_5_Internal(l.1179) failed {.code = ERROR_NOT_SUPPORTED, .description = }
04-01 13:31:07.687  1630  3651 D SemWifiUsabilityStatsMonitor: onWifiUsabilityStats - seqNum 249621, isSameBssidAndFreq true
04-01 13:31:07.687  1630  2588 I SemWifiLinkQualityMonitor: Link Qos query: inf. ms / 0 Mbps
04-01 13:31:07.688  2680  2680 D NetworkController.WifiSignalController: notifyListener: visible=true, connected=true, inetCondition=1, isDefault=true, wifiTestReported=true, receivedInetCondition=-1, hideDuringMobileSwitching=false
04-01 13:31:07.707  1137  1137 I BufferQueueProducer: [StatusBar$_2680#95](this:0xb400007558c53838,id:-1,api:0,p:-1,c:1137) queueBuffer: fps=3.00 dur=1666.53 max=1244.36 min=10.95
04-01 13:31:07.708  1092  1165 I hwcomposer: [HWCDisplay] [Display_0 (type:1)] fps:3.000250,dur:1666.53,max:1244.50,min:10.93
04-01 13:31:08.407  2680  2782 D MobileStatusTracker(1/2): onSignalStrengthsChanged level=3, vendorLevel=2
04-01 13:31:08.408  2680  2782 D MobileSignalController(1/2): notifyListener: enabled=true, connected=true, dataConnected=false, networkType=LTE (4G), emergencyOnly=false, roaming=false, isDefault=false, dataActivity=, level=2, ca=false, mmWave=false, disabledDataIcon=false, simCard=ETC
04-01 13:31:08.408  2680  2782 D NetworkController: SignalStrength from intent slotId=1
04-01 13:31:08.437 19119 19141 E AudioPathHelper: (Bean)(1.15)handleAudioPathTask() : can't get dual play mode - Attempt to invoke virtual method 'boolean android.bluetooth.BluetoothA2dp.semIsDualPlayMode()' on a null object reference
04-01 13:31:09.439 19119 19141 E AudioPathHelper: (Bean)(1.15)handleAudioPathTask() : can't get dual play mode - Attempt to invoke virtual method 'boolean android.bluetooth.BluetoothA2dp.semIsDualPlayMode()' on a null object reference
04-01 13:31:09.784   584   584 D io_stats: !@ 179,0 r 353511759 5911793762 w 99540115 1236234032 d 0 0 f 0 0 iot 136035132 0 th 0 0 0 pt 0 inp 0 0 1707071.091
04-01 13:31:10.443 19119 19141 E AudioPathHelper: (Bean)(1.15)handleAudioPathTask() : can't get dual play mode - Attempt to invoke virtual method 'boolean android.bluetooth.BluetoothA2dp.semIsDualPlayMode()' on a null object reference
04-01 13:31:10.692  2639  2639 I WifiHAL : Get link layer stats
04-01 13:31:10.692  2639  2639 I WifiHAL : GetLinkStatsCommand::create
04-01 13:31:10.692  2639  2639 D android.hardware.wifi@1.0-service-lazy: WifiRequest::create vendor command to iface 40, vendor_id=0x1a11, subcmd=0x1200, res=0
04-01 13:31:10.692  2639  2639 I android.hardware.wifi@1.0-service-lazy: WifiCommand::requestResponse err=-95
04-01 13:31:10.692  2639  2639 I WifiHAL : wifi_get_link_stats: result=-3
04-01 13:31:10.694  1630  2513 E WifiVendorHal: getWifiLinkLayerStats_1_5_Internal(l.1179) failed {.code = ERROR_NOT_SUPPORTED, .description = }
04-01 13:31:10.703  1630  3651 D SemWifiUsabilityStatsMonitor: onWifiUsabilityStats - seqNum 249622, isSameBssidAndFreq true
04-01 13:31:10.705  1630  2588 I SemWifiLinkQualityMonitor: Link Qos query: inf. ms / 0 Mbps
04-01 13:31:10.706  2680  2680 D NetworkController.WifiSignalController: notifyListener: visible=true, connected=true, inetCondition=1, isDefault=true, wifiTestReported=true, receivedInetCondition=-1, hideDuringMobileSwitching=false
04-01 13:31:10.741  1137  1137 I BufferQueueProducer: [StatusBar$_2680#95](this:0xb400007558c53838,id:-1,api:0,p:-1,c:1137) queueBuffer: fps=0.33 dur=3033.81 max=3033.81 min=3033.81
04-01 13:31:10.744  1092  1165 I hwcomposer: [HWCDisplay] [Display_0 (type:1)] fps:0.329459,dur:3035.28,max:3035.28,min:3035.28  
04-01 13:31:10.929  1630  1677 E Watchdog: !@Sync: 56861 heap: 132 / 151 FD: 963 [2025-04-01 13:31:10.928]
04-01 13:31:10.976  2680  2782 D MobileStatusTracker(1/2): onSignalStrengthsChanged level=3, vendorLevel=2
04-01 13:31:10.979  2680  2782 D MobileSignalController(1/2): notifyListener: enabled=true, connected=true, dataConnected=false, networkType=LTE (4G), emergencyOnly=false, roaming=false, isDefault=false, dataActivity=, level=2, ca=false, mmWave=false, disabledDataIcon=false, simCard=ETC
04-01 13:31:10.980  2680  2782 D NetworkController: SignalStrength from intent slotId=1
04-01 13:31:11.011  2680  2680 D SecPowerUI.Notification: showChargingNotice oldChargingType : 11 / currentChargingType : 11, oldChargingTime : 21606000 / mChargingTime : 21606000
04-01 13:31:11.011  2680  2680 D SecPowerUI.Notification: There is no change about charging status, so return!
04-01 13:31:11.422  1630  2543 W DeviceStorageMonitorService: updateBroadcasts(/data) oldLevel:0, newLevel:0, seq:1
04-01 13:31:11.424  1630  2543 D DeviceStorageMonitorService: Available File Node Number is [13202811]
04-01 13:31:11.424  1630  2543 W DeviceStorageMonitorService: updateBroadcasts_filenode(/data) fn_oldLevel:0, fn_newLevel:0, seq:1
04-01 13:31:11.446 19119 19141 E AudioPathHelper: (Bean)(1.15)handleAudioPathTask() : can't get dual play mode - Attempt to invoke virtual method 'boolean android.bluetooth.BluetoothA2dp.semIsDualPlayMode()' on a null object reference
04-01 13:31:11.686  1446  1446 D connsyslogger: Open FIFO for close
04-01 13:31:11.897 20085 20085 I wpa_supplicant: Heartbeat 67142
04-01 13:31:12.256  2680  2782 D MobileStatusTracker(1/2): onSignalStrengthsChanged level=3, vendorLevel=2
04-01 13:31:12.258  2680  2782 D MobileSignalController(1/2): notifyListener: enabled=true, connected=true, dataConnected=false, networkType=LTE (4G), emergencyOnly=false, roaming=false, isDefault=false, dataActivity=, level=2, ca=false, mmWave=false, disabledDataIcon=false, simCard=ETC
04-01 13:31:12.260  2680  2782 D NetworkController: SignalStrength from intent slotId=1
04-01 13:31:12.450 19119 19141 E AudioPathHelper: (Bean)(1.15)handleAudioPathTask() : can't get dual play mode - Attempt to invoke virtual method 'boolean android.bluetooth.BluetoothA2dp.semIsDualPlayMode()' on a null object reference
04-01 13:31:12.726  4006  4715 I SDHMS:D : SIOP:: AP:186 BAT:229 USB:0 CHG:242 PA:195 BLK:0 SUBBAT:0 SKIN:240 SKINF:233 SKINB:240 LRP:244 LRP2:240 LRF:233 LRB:244 LRF2:233 LRB2:240 AP2:238 CHG2:231 WIFI2:240 SPK2:251
04-01 13:31:12.728  1630  1692 D BatteryExternalStatsWorker: update stats : wakelock-change (1)
04-01 13:31:12.784  1630  1692 D BatteryExternalStatsWorker: Update CPU state
04-01 13:31:12.784  1630  1692 D BatteryExternalStatsWorker: mStats lock released
04-01 13:31:12.784  1630  1692 D BatteryExternalStatsWorker: done updateExternalStatsLocked
04-01 13:31:13.189  1105  1169 I libPowerHal: perfUserScnCheckAll
04-01 13:31:13.190  1105  1169 I libPowerHal: perfScnDumpAll cmd:0
04-01 13:31:13.190  1105  1169 I libPowerHal: ========================
04-01 13:31:13.190  1105  1169 I libPowerHal: ========================
04-01 13:31:13.453 19119 19141 E AudioPathHelper: (Bean)(1.15)handleAudioPathTask() : can't get dual play mode - Attempt to invoke virtual method 'boolean android.bluetooth.BluetoothA2dp.semIsDualPlayMode()' on a null object reference
04-01 13:31:13.536  2680  2782 D MobileStatusTracker(1/2): onSignalStrengthsChanged level=3, vendorLevel=2
04-01 13:31:13.538  2680  2782 D MobileSignalController(1/2): notifyListener: enabled=true, connected=true, dataConnected=false, networkType=LTE (4G), emergencyOnly=false, roaming=false, isDefault=false, dataActivity=, level=2, ca=false, mmWave=false, disabledDataIcon=false, simCard=ETC
04-01 13:31:13.539  2680  2782 D NetworkController: SignalStrength from intent slotId=1
04-01 13:31:13.709  2639  2639 I WifiHAL : Get link layer stats
04-01 13:31:13.709  2639  2639 I WifiHAL : GetLinkStatsCommand::create
04-01 13:31:13.709  2639  2639 D android.hardware.wifi@1.0-service-lazy: WifiRequest::create vendor command to iface 40, vendor_id=0x1a11, subcmd=0x1200, res=0
04-01 13:31:13.709  2639  2639 I android.hardware.wifi@1.0-service-lazy: WifiCommand::requestResponse err=-95
04-01 13:31:13.709  2639  2639 I WifiHAL : wifi_get_link_stats: result=-3
04-01 13:31:13.710  1630  2513 E WifiVendorHal: getWifiLinkLayerStats_1_5_Internal(l.1179) failed {.code = ERROR_NOT_SUPPORTED, .description = }
04-01 13:31:13.720  1630  3651 D SemWifiUsabilityStatsMonitor: onWifiUsabilityStats - seqNum 249623, isSameBssidAndFreq true
04-01 13:31:13.722  1630  2588 I SemWifiLinkQualityMonitor: Link Qos query: inf. ms / 0 Mbps
04-01 13:31:13.723  2680  2680 D NetworkController.WifiSignalController: notifyListener: visible=true, connected=true, inetCondition=1, isDefault=true, wifiTestReported=true, receivedInetCondition=-1, hideDuringMobileSwitching=false
04-01 13:31:13.752  1137  1137 I BufferQueueProducer: [StatusBar$_2680#95](this:0xb400007558c53838,id:-1,api:0,p:-1,c:1137) queueBuffer: fps=0.33 dur=3010.93 max=3010.93 min=3010.93
04-01 13:31:13.755  1092  1165 I hwcomposer: [HWCDisplay] [Display_0 (type:1)] fps:0.332085,dur:3011.27,max:3011.27,min:3011.27  
04-01 13:31:14.200  1105  1131 D power@timer: [mtkPowerTimer] visRead:0
04-01 13:31:14.456 19119 19141 E AudioPathHelper: (Bean)(1.15)handleAudioPathTask() : can't get dual play mode - Attempt to invoke virtual method 'boolean android.bluetooth.BluetoothA2dp.semIsDualPlayMode()' on a null object reference
04-01 13:31:14.815  2680  2782 D MobileStatusTracker(1/2): onSignalStrengthsChanged level=3, vendorLevel=2
04-01 13:31:14.817  2680  2782 D MobileSignalController(1/2): notifyListener: enabled=true, connected=true, dataConnected=false, networkType=LTE (4G), emergencyOnly=false, roaming=false, isDefault=false, dataActivity=, level=2, ca=false, mmWave=false, disabledDataIcon=false, simCard=ETC
04-01 13:31:14.818  2680  2782 D NetworkController: SignalStrength from intent slotId=1
04-01 13:31:15.459 19119 19141 E AudioPathHelper: (Bean)(1.15)handleAudioPathTask() : can't get dual play mode - Attempt to invoke virtual method 'boolean android.bluetooth.BluetoothA2dp.semIsDualPlayMode()' on a null object reference
04-01 13:31:16.028  1093  1093 E android.hardware.health@2.1-service-samsung: Could not open /sys/class/power_supply/battery/lrp
04-01 13:31:16.030  1630  2644 D BatteryService: Sending ACTION_BATTERY_CHANGED: level:34, status:2, health:2, ac:false, usb:true, wireless:false, pogo:false, misc:0x10000, charge_type:1, charger_type:0, voltage:3880, temperature:229, online:4, current_avg:392, ps:false, hvc:false, capacity:280000, current_event:0x0, current_now:366, mcc:0, mcv:0, cc:1700000, present:true, scale:100, technology:Li-ion
04-01 13:31:16.032  1630  1949 D MotionRecognitionService: [SAR]  onReceive : ACTION_BATTERY_CHANGED, Plugged: 2
04-01 13:31:16.033  1630  1630 D PhoneWindowManagerExt: ACTION_BATTERY_CHANGED - Level=34, status=2
04-01 13:31:16.035  1630  2621 I DeviceBatteryInfoService: action: android.intent.action.BATTERY_CHANGED
04-01 13:31:16.035  1630  2621 I DeviceBatteryInfoService: phone battery level: 34
04-01 13:31:16.035  1630  2621 I DeviceBatteryInfoService: phone battery status: 2
04-01 13:31:16.035  1630  1630 D AdaptiveBrightnessLongtermModelBuilder: Received android.intent.action.BATTERY_CHANGED
04-01 13:31:16.036  1630  1630 D SemWifiApBroadcastReceiver: Received : android.intent.action.BATTERY_CHANGED
04-01 13:31:16.038  2989  2989 D SemBigDataInfoController: Intent: android.intent.action.BATTERY_CHANGED
04-01 13:31:16.038  2680  2680 D KeyguardUpdateMonitor: received broadcast android.intent.action.BATTERY_CHANGED
04-01 13:31:16.038  2989  2989 D SemBigDataInfoController: Intent: android.intent.action.BATTERY_CHANGED
04-01 13:31:16.038  2680  2680 I PowerUI : mBootCompleted = true |  mFullyConnected = true
04-01 13:31:16.039  2680  2680 I PowerUI : BATTERY_HEALTH_CHECK extraHealth=2 mBatteryMiscEvent=65536
04-01 13:31:16.039  2680  2680 W PowerUI : Plug reason
04-01 13:31:16.039  2680  2680 W PowerUI : Skip charging animation - by plug status
04-01 13:31:16.039  2680  2680 D PowerUI : priorPlugType = 2 mPlugType = 2 priorBatteryStatus = 2 mBatteryStatus = 2
04-01 13:31:16.039  2680  2680 W PowerUI : Plug reason
04-01 13:31:16.039  2680  2680 W PowerUI : Skip charging sound - by plug status
04-01 13:31:16.039  2680  2680 I PowerUI : oldMisalign : false, curMisalign : false
04-01 13:31:16.039  2680  3907 D SecPowerUI.Notification: dismissing low battery warning: level=34
04-01 13:31:16.039  2680  3907 D SecPowerUI.Notification: updateNotification mWarning=false mPlaySound=false
04-01 13:31:16.040  2680  3907 D SecPowerUI.Notification: SecBatteryStatsSnapshot{batteryLevel=34, currentBatteryMode=0, chargingTime=21606000, chargingType=11, batteryHealth=2, automaticTestMode=false, isHiccupState=false}
04-01 13:31:16.042  2680  3907 D SecPowerUI.Notification: 1. restoreScreenTimeOut - saved_value : :
04-01 13:31:16.042  2680  3907 E SecPowerUI.Notification: no saved value, so we do nothing !!
04-01 13:31:16.044  2680  2680 D SecPowerUI.Notification: showChargingNotice oldChargingType : 11 / currentChargingType : 11, oldChargingTime : 21606000 / mChargingTime : 21606000
04-01 13:31:16.044  2680  2680 D SecPowerUI.Notification: There is no change about charging status, so return!
04-01 13:31:16.044  2680  2680 D PowerUI : Battery swelling mode - priorBatterySwellingMode = 0 mBatterySwellingMode = 0 mBatteryStatus = 2
04-01 13:31:16.044  2680  2680 I PowerUI : mBatteryMiscEvent = 65536
04-01 13:31:16.044  2680  2680 D SamsungBatteryMeterDrawable: onBatteryLevelChanged isSomethingChanged: false
04-01 13:31:16.045  2680  2680 D SamsungBatteryMeterDrawable: onBatteryLevelChanged isSomethingChanged: false
04-01 13:31:16.046  2680  2680 D SamsungBatteryMeterDrawable: onBatteryLevelChanged isSomethingChanged: false
04-01 13:31:16.046  2680  2680 D SamsungBatteryMeterDrawable: onBatteryLevelChanged isSomethingChanged: false
04-01 13:31:16.047  2680  2680 D KeyguardUpdateMonitor: handleBatteryUpdate
04-01 13:31:16.049  2680  2680 I AODBatteryManager: updateBatteryData: ACTION_BATTERY_CHANGED
04-01 13:31:16.051  2680  2680 I AODBatteryManager: saveBatteryData : AOD BatteryData [mBatteryLevel=34, mBatteryStatus=CHARGING, mBatteryPlugType=USB, mBatteryPlugged=true, mRemainingChargeTime=21606000, mBatteryChargingType=1, mBatteryChargerType=NORMAL, mBatteryOnline=USB, mBatterySwellingMode=NONE, mBatteryProtectMode=false]
04-01 13:31:16.097  2680  2782 D MobileStatusTracker(1/2): onSignalStrengthsChanged level=3, vendorLevel=2
04-01 13:31:16.099  2680  2782 D MobileSignalController(1/2): notifyListener: enabled=true, connected=true, dataConnected=false, networkType=LTE (4G), emergencyOnly=false, roaming=false, isDefault=false, dataActivity=, level=2, ca=false, mmWave=false, disabledDataIcon=false, simCard=ETC
04-01 13:31:16.100  2680  2782 D NetworkController: SignalStrength from intent slotId=1
04-01 13:31:16.463 19119 19141 E AudioPathHelper: (Bean)(1.15)handleAudioPathTask() : can't get dual play mode - Attempt to invoke virtual method 'boolean android.bluetooth.BluetoothA2dp.semIsDualPlayMode()' on a null object reference
04-01 13:31:16.687  1446  1446 D connsyslogger: Open FIFO for close
04-01 13:31:16.725  2639  2639 I WifiHAL : Get link layer stats
04-01 13:31:16.725  2639  2639 I WifiHAL : GetLinkStatsCommand::create
04-01 13:31:16.725  2639  2639 D android.hardware.wifi@1.0-service-lazy: WifiRequest::create vendor command to iface 40, vendor_id=0x1a11, subcmd=0x1200, res=0
04-01 13:31:16.726  2639  2639 I android.hardware.wifi@1.0-service-lazy: WifiCommand::requestResponse err=-95
04-01 13:31:16.726  2639  2639 I WifiHAL : wifi_get_link_stats: result=-3
04-01 13:31:16.727  1630  2513 E WifiVendorHal: getWifiLinkLayerStats_1_5_Internal(l.1179) failed {.code = ERROR_NOT_SUPPORTED, .description = }
04-01 13:31:16.738  1630  3651 D SemWifiUsabilityStatsMonitor: onWifiUsabilityStats - seqNum 249624, isSameBssidAndFreq true
04-01 13:31:16.739  1630  2588 I SemWifiLinkQualityMonitor: Link Qos query: inf. ms / 0 Mbps
04-01 13:31:16.741  2680  2680 D NetworkController.WifiSignalController: notifyListener: visible=true, connected=true, inetCondition=1, isDefault=true, wifiTestReported=true, receivedInetCondition=-1, hideDuringMobileSwitching=false
04-01 13:31:16.774  1137  1137 I BufferQueueProducer: [StatusBar$_2680#95](this:0xb400007558c53838,id:-1,api:0,p:-1,c:1137) queueBuffer: fps=0.33 dur=3022.07 max=3022.07 min=3022.07
04-01 13:31:16.777  1092  1165 I hwcomposer: [HWCDisplay] [Display_0 (type:1)] fps:0.330946,dur:3021.64,max:3021.64,min:3021.64  
04-01 13:31:17.376  2680  2782 D MobileStatusTracker(1/2): onSignalStrengthsChanged level=3, vendorLevel=2
04-01 13:31:17.379  2680  2782 D MobileSignalController(1/2): notifyListener: enabled=true, connected=true, dataConnected=false, networkType=LTE (4G), emergencyOnly=false, roaming=false, isDefault=false, dataActivity=, level=2, ca=false, mmWave=false, disabledDataIcon=false, simCard=ETC
04-01 13:31:17.381  2680  2782 D NetworkController: SignalStrength from intent slotId=1
04-01 13:31:17.466 19119 19141 E AudioPathHelper: (Bean)(1.15)handleAudioPathTask() : can't get dual play mode - Attempt to invoke virtual method 'boolean android.bluetooth.BluetoothA2dp.semIsDualPlayMode()' on a null object reference
04-01 13:31:18.471 19119 19141 E AudioPathHelper: (Bean)(1.15)handleAudioPathTask() : can't get dual play mode - Attempt to invoke virtual method 'boolean android.bluetooth.BluetoothA2dp.semIsDualPlayMode()' on a null object reference
04-01 13:31:18.655  2680  2782 D MobileStatusTracker(1/2): onSignalStrengthsChanged level=3, vendorLevel=2
04-01 13:31:18.658  2680  2782 D MobileSignalController(1/2): notifyListener: enabled=true, connected=true, dataConnected=false, networkType=LTE (4G), emergencyOnly=false, roaming=false, isDefault=false, dataActivity=, level=2, ca=false, mmWave=false, disabledDataIcon=false, simCard=ETC
04-01 13:31:18.658  2680  2782 D NetworkController: SignalStrength from intent slotId=1
04-01 13:31:19.474 19119 19141 E AudioPathHelper: (Bean)(1.15)handleAudioPathTask() : can't get dual play mode - Attempt to invoke virtual method 'boolean android.bluetooth.BluetoothA2dp.semIsDualPlayMode()' on a null object reference
04-01 13:31:19.743  2639  2639 I WifiHAL : Get link layer stats
04-01 13:31:19.743  2639  2639 I WifiHAL : GetLinkStatsCommand::create
04-01 13:31:19.743  2639  2639 D android.hardware.wifi@1.0-service-lazy: WifiRequest::create vendor command to iface 40, vendor_id=0x1a11, subcmd=0x1200, res=0
04-01 13:31:19.743  2639  2639 I android.hardware.wifi@1.0-service-lazy: WifiCommand::requestResponse err=-95
04-01 13:31:19.743  2639  2639 I WifiHAL : wifi_get_link_stats: result=-3
04-01 13:31:19.744  1630  2513 E WifiVendorHal: getWifiLinkLayerStats_1_5_Internal(l.1179) failed {.code = ERROR_NOT_SUPPORTED, .description = }
04-01 13:31:19.753  1630  3651 D SemWifiUsabilityStatsMonitor: onWifiUsabilityStats - seqNum 249625, isSameBssidAndFreq true
04-01 13:31:19.755  1630  2588 I SemWifiLinkQualityMonitor: Link Qos query: inf. ms / 0 Mbps
04-01 13:31:19.756  2680  2680 D NetworkController.WifiSignalController: notifyListener: visible=true, connected=true, inetCondition=1, isDefault=true, wifiTestReported=true, receivedInetCondition=-1, hideDuringMobileSwitching=false
04-01 13:31:19.784  1137  1137 I SurfaceFlinger: SFWD update time=1707081091337364
04-01 13:31:19.785  1137  1137 I BufferQueueProducer: [StatusBar$_2680#95](this:0xb400007558c53838,id:-1,api:0,p:-1,c:1137) queueBuffer: fps=0.33 dur=3010.70 max=3010.70 min=3010.70
04-01 13:31:19.788  1092  1165 I hwcomposer: [HWCDisplay] [Display_0 (type:1)] fps:0.332130,dur:3010.87,max:3010.87,min:3010.87
04-01 13:31:19.789   584   584 D io_stats: !@ 179,0 r 353511760 5911793766 w 99540117 1236234040 d 0 0 f 0 0 iot 136035132 0 th 0 0 0 pt 0 inp 0 0 1707081.095
04-01 13:31:19.936  2680  2782 D MobileStatusTracker(1/2): onSignalStrengthsChanged level=3, vendorLevel=2
04-01 13:31:19.939  2680  2782 D MobileSignalController(1/2): notifyListener: enabled=true, connected=true, dataConnected=false, networkType=LTE (4G), emergencyOnly=false, roaming=false, isDefault=false, dataActivity=, level=2, ca=false, mmWave=false, disabledDataIcon=false, simCard=ETC
04-01 13:31:19.939  2680  2782 D NetworkController: SignalStrength from intent slotId=1
04-01 13:31:20.478 19119 19141 E AudioPathHelper: (Bean)(1.15)handleAudioPathTask() : can't get dual play mode - Attempt to invoke virtual method 'boolean android.bluetooth.BluetoothA2dp.semIsDualPlayMode()' on a null object reference
04-01 13:31:21.047  2680  2680 D SecPowerUI.Notification: showChargingNotice oldChargingType : 11 / currentChargingType : 11, oldChargingTime : 21606000 / mChargingTime : 21606000
04-01 13:31:21.047  2680  2680 D SecPowerUI.Notification: There is no change about charging status, so return!
04-01 13:31:21.215  2680  2782 D MobileStatusTracker(1/2): onSignalStrengthsChanged level=3, vendorLevel=2
04-01 13:31:21.218  2680  2782 D MobileSignalController(1/2): notifyListener: enabled=true, connected=true, dataConnected=false, networkType=LTE (4G), emergencyOnly=false, roaming=false, isDefault=false, dataActivity=, level=2, ca=false, mmWave=false, disabledDataIcon=false, simCard=ETC
04-01 13:31:21.219  2680  2782 D NetworkController: SignalStrength from intent slotId=1
04-01 13:31:21.481 19119 19141 E AudioPathHelper: (Bean)(1.15)handleAudioPathTask() : can't get dual play mode - Attempt to invoke virtual method 'boolean android.bluetooth.BluetoothA2dp.semIsDualPlayMode()' on a null object reference
04-01 13:31:21.688  1446  1446 D connsyslogger: Open FIFO for close
04-01 13:31:21.907 20085 20085 I wpa_supplicant: Heartbeat 67143
04-01 13:31:22.484 19119 19141 E AudioPathHelper: (Bean)(1.15)handleAudioPathTask() : can't get dual play mode - Attempt to invoke virtual method 'boolean android.bluetooth.BluetoothA2dp.semIsDualPlayMode()' on a null object reference
04-01 13:31:22.496  2680  2782 D MobileStatusTracker(1/2): onSignalStrengthsChanged level=3, vendorLevel=2
04-01 13:31:22.499  2680  2782 D MobileSignalController(1/2): notifyListener: enabled=true, connected=true, dataConnected=false, networkType=LTE (4G), emergencyOnly=false, roaming=false, isDefault=false, dataActivity=, level=2, ca=false, mmWave=false, disabledDataIcon=false, simCard=ETC
04-01 13:31:22.500  2680  2782 D NetworkController: SignalStrength from intent slotId=1
04-01 13:31:22.757  2639  2639 I WifiHAL : Get link layer stats
04-01 13:31:22.757  2639  2639 I WifiHAL : GetLinkStatsCommand::create
04-01 13:31:22.757  2639  2639 D android.hardware.wifi@1.0-service-lazy: WifiRequest::create vendor command to iface 40, vendor_id=0x1a11, subcmd=0x1200, res=0
04-01 13:31:22.758  2639  2639 I android.hardware.wifi@1.0-service-lazy: WifiCommand::requestResponse err=-95
04-01 13:31:22.758  2639  2639 I WifiHAL : wifi_get_link_stats: result=-3
04-01 13:31:22.759  1630  2513 E WifiVendorHal: getWifiLinkLayerStats_1_5_Internal(l.1179) failed {.code = ERROR_NOT_SUPPORTED, .description = }
04-01 13:31:22.770  1630  3651 D SemWifiUsabilityStatsMonitor: onWifiUsabilityStats - seqNum 249626, isSameBssidAndFreq true
04-01 13:31:22.772  1630  2588 I SemWifiLinkQualityMonitor: Link Qos query: inf. ms / 0 Mbps
04-01 13:31:23.487 19119 19141 E AudioPathHelper: (Bean)(1.15)handleAudioPathTask() : can't get dual play mode - Attempt to invoke virtual method 'boolean android.bluetooth.BluetoothA2dp.semIsDualPlayMode()' on a null object reference
04-01 13:31:23.776  2680  2782 D MobileStatusTracker(1/2): onSignalStrengthsChanged level=3, vendorLevel=2
04-01 13:31:23.779  2680  2782 D MobileSignalController(1/2): notifyListener: enabled=true, connected=true, dataConnected=false, networkType=LTE (4G), emergencyOnly=false, roaming=false, isDefault=false, dataActivity=, level=2, ca=false, mmWave=false, disabledDataIcon=false, simCard=ETC
04-01 13:31:23.780  2680  2782 D NetworkController: SignalStrength from intent slotId=1
04-01 13:31:24.245  1630  2990 V MdnieScenarioControlService: burn_in_prevention_mode(), enabled : true, mBurnInDisableAppEnabled : false , mAutoBrightnessMode : false, mHighBrightnessModeEnabled : false , mBurnInPreventionACL : false , platform_brightness_value : 81 , BURN_IN_PREVENTION_SUPPORT_VALUE : 143 , mBurnInPreventionEnabled : false , mGameAppLauncher : false
04-01 13:31:24.245  1630  2990 V MdnieScenarioControlService: Disabled Burn-In Prevention Mode
04-01 13:31:24.245  1630  2990 D SemDisplaySolutionManagerService: uid : 1000 , pid : 1630 , name : burnin_prevention_off
04-01 13:31:24.248  1630  2990 D SemDisplaySolutionManagerService: where : application what : DEFAULT setScreenBrightnessScaleFactor(1.0) , mBrightnessCompensation : 1.0 , PMS value : 1.0
04-01 13:31:24.249  1630  2990 D PowerManagerService: [api] setScreenBrightnessScaleFactor: scaleFactor: 1.0 (uid: 1000 pid: 1630)
04-01 13:31:24.249  1630  2990 D SemDisplaySolutionManagerService: Normal Mode setMultipleScreenBrightness , application, DEFAULT, 1.0
04-01 13:31:24.490 19119 19141 E AudioPathHelper: (Bean)(1.15)handleAudioPathTask() : can't get dual play mode - Attempt to invoke virtual method 'boolean android.bluetooth.BluetoothA2dp.semIsDualPlayMode()' on a null object reference
04-01 13:31:25.098  1630  1692 D BatteryExternalStatsWorker: update stats : procstate-change (10)
04-01 13:31:25.098  1630  1692 D BatteryExternalStatsWorker: Update Rail Energy data
04-01 13:31:25.099  1630  1692 D BatteryExternalStatsWorker: Fetch Bluetooth data
04-01 13:31:25.103  1630  2755 W BatteryExternalStatsWorker: error reading Bluetooth stats: 11
04-01 13:31:25.103  1630  1692 D BatteryExternalStatsWorker: mStats lock released
04-01 13:31:25.103  1630  1692 D BatteryExternalStatsWorker: done updateExternalStatsLocked
04-01 13:31:25.493 19119 19141 E AudioPathHelper: (Bean)(1.15)handleAudioPathTask() : can't get dual play mode - Attempt to invoke virtual method 'boolean android.bluetooth.BluetoothA2dp.semIsDualPlayMode()' on a null object reference
04-01 13:31:25.776  2639  2639 I WifiHAL : Get link layer stats
04-01 13:31:25.776  2639  2639 I WifiHAL : GetLinkStatsCommand::create
04-01 13:31:25.776  2639  2639 D android.hardware.wifi@1.0-service-lazy: WifiRequest::create vendor command to iface 40, vendor_id=0x1a11, subcmd=0x1200, res=0
04-01 13:31:25.776  2639  2639 I android.hardware.wifi@1.0-service-lazy: WifiCommand::requestResponse err=-95
04-01 13:31:25.776  2639  2639 I WifiHAL : wifi_get_link_stats: result=-3
04-01 13:31:25.777  1630  2513 E WifiVendorHal: getWifiLinkLayerStats_1_5_Internal(l.1179) failed {.code = ERROR_NOT_SUPPORTED, .description = }
04-01 13:31:25.788  1630  3651 D SemWifiUsabilityStatsMonitor: onWifiUsabilityStats - seqNum 249627, isSameBssidAndFreq true
04-01 13:31:25.790  1630  2588 I SemWifiLinkQualityMonitor: Link Qos query: inf. ms / 0 Mbps
04-01 13:31:25.791   584   584 D io_stats: !@ 179,0 r 353511770 5911793830 w 99540119 1236234048 d 0 0 f 0 0 iot 136035136 0 th 0 0 0 pt 0 inp 0 0 1707087.098
04-01 13:31:25.791  2680  2680 D NetworkController.WifiSignalController: notifyListener: visible=true, connected=true, inetCondition=1, isDefault=true, wifiTestReported=true, receivedInetCondition=-1, hideDuringMobileSwitching=false
04-01 13:31:25.817  1137  1137 I BufferQueueProducer: [StatusBar$_2680#95](this:0xb400007558c53838,id:-1,api:0,p:-1,c:1137) queueBuffer: fps=0.17 dur=6032.76 max=6032.76 min=6032.76
04-01 13:31:25.820  1092  1165 I hwcomposer: [HWCDisplay] [Display_0 (type:1)] fps:0.165760,dur:6032.82,max:6032.82,min:6032.82
04-01 13:31:26.072  1093  1093 E android.hardware.health@2.1-service-samsung: Could not open /sys/class/power_supply/battery/lrp
04-01 13:31:26.074  1630  2644 D BatteryService: Sending ACTION_BATTERY_CHANGED: level:34, status:2, health:2, ac:false, usb:true, wireless:false, pogo:false, misc:0x10000, charge_type:1, charger_type:0, voltage:3879, temperature:229, online:4, current_avg:372, ps:false, hvc:false, capacity:280000, current_event:0x0, current_now:315, mcc:0, mcv:0, cc:1700000, present:true, scale:100, technology:Li-ion
04-01 13:31:26.078  1630  1949 D MotionRecognitionService: [SAR]  onReceive : ACTION_BATTERY_CHANGED, Plugged: 2
04-01 13:31:26.078  1630  1630 D PhoneWindowManagerExt: ACTION_BATTERY_CHANGED - Level=34, status=2
04-01 13:31:26.079  1630  2621 I DeviceBatteryInfoService: action: android.intent.action.BATTERY_CHANGED
04-01 13:31:26.079  1630  2621 I DeviceBatteryInfoService: phone battery level: 34
04-01 13:31:26.080  1630  2621 I DeviceBatteryInfoService: phone battery status: 2
04-01 13:31:26.080  1630  1630 D AdaptiveBrightnessLongtermModelBuilder: Received android.intent.action.BATTERY_CHANGED
04-01 13:31:26.081  1630  1630 D SemWifiApBroadcastReceiver: Received : android.intent.action.BATTERY_CHANGED
04-01 13:31:26.083  2680  2680 D KeyguardUpdateMonitor: received broadcast android.intent.action.BATTERY_CHANGED
04-01 13:31:26.083  2680  2680 I PowerUI : mBootCompleted = true |  mFullyConnected = true
04-01 13:31:26.083  2680  2680 I PowerUI : BATTERY_HEALTH_CHECK extraHealth=2 mBatteryMiscEvent=65536
04-01 13:31:26.084  2680  2680 W PowerUI : Plug reason
04-01 13:31:26.084  2680  2680 W PowerUI : Skip charging animation - by plug status
04-01 13:31:26.084  2680  2680 D PowerUI : priorPlugType = 2 mPlugType = 2 priorBatteryStatus = 2 mBatteryStatus = 2
04-01 13:31:26.084  2680  2680 W PowerUI : Plug reason
04-01 13:31:26.084  2680  2680 W PowerUI : Skip charging sound - by plug status
04-01 13:31:26.084  2680  2680 I PowerUI : oldMisalign : false, curMisalign : false
04-01 13:31:26.084  2680 24610 D SecPowerUI.Notification: dismissing low battery warning: level=34
04-01 13:31:26.084  2680 24610 D SecPowerUI.Notification: updateNotification mWarning=false mPlaySound=false
04-01 13:31:26.084  2680 24610 D SecPowerUI.Notification: SecBatteryStatsSnapshot{batteryLevel=34, currentBatteryMode=0, chargingTime=21606000, chargingType=11, batteryHealth=2, automaticTestMode=false, isHiccupState=false}
04-01 13:31:26.084  2989  2989 D SemBigDataInfoController: Intent: android.intent.action.BATTERY_CHANGED
04-01 13:31:26.086  2989  2989 D SemBigDataInfoController: Intent: android.intent.action.BATTERY_CHANGED
04-01 13:31:26.087  2680  2680 D SecPowerUI.Notification: showChargingNotice oldChargingType : 11 / currentChargingType : 11, oldChargingTime : 21606000 / mChargingTime : 21606000
04-01 13:31:26.087  2680  2680 D SecPowerUI.Notification: There is no change about charging status, so return!
04-01 13:31:26.087  2680  2680 D PowerUI : Battery swelling mode - priorBatterySwellingMode = 0 mBatterySwellingMode = 0 mBatteryStatus = 2
04-01 13:31:26.087  2680  2680 I PowerUI : mBatteryMiscEvent = 65536
04-01 13:31:26.088  2680  2680 D SamsungBatteryMeterDrawable: onBatteryLevelChanged isSomethingChanged: false
04-01 13:31:26.089  2680 24610 D SecPowerUI.Notification: 1. restoreScreenTimeOut - saved_value : :
04-01 13:31:26.089  2680  2680 D SamsungBatteryMeterDrawable: onBatteryLevelChanged isSomethingChanged: false
04-01 13:31:26.089  2680 24610 E SecPowerUI.Notification: no saved value, so we do nothing !!
04-01 13:31:26.090  2680  2680 D SamsungBatteryMeterDrawable: onBatteryLevelChanged isSomethingChanged: false
04-01 13:31:26.090  2680  2680 D SamsungBatteryMeterDrawable: onBatteryLevelChanged isSomethingChanged: false
04-01 13:31:26.091  2680  2680 D KeyguardUpdateMonitor: handleBatteryUpdate
04-01 13:31:26.093  2680  2680 I AODBatteryManager: updateBatteryData: ACTION_BATTERY_CHANGED
04-01 13:31:26.095  2680  2680 I AODBatteryManager: saveBatteryData : AOD BatteryData [mBatteryLevel=34, mBatteryStatus=CHARGING, mBatteryPlugType=USB, mBatteryPlugged=true, mRemainingChargeTime=21606000, mBatteryChargingType=1, mBatteryChargerType=NORMAL, mBatteryOnline=USB, mBatterySwellingMode=NONE, mBatteryProtectMode=false]
04-01 13:31:26.335  2680  2782 D MobileStatusTracker(1/2): onSignalStrengthsChanged level=3, vendorLevel=2
04-01 13:31:26.337  2680  2782 D MobileSignalController(1/2): notifyListener: enabled=true, connected=true, dataConnected=false, networkType=LTE (4G), emergencyOnly=false, roaming=false, isDefault=false, dataActivity=, level=2, ca=false, mmWave=false, disabledDataIcon=false, simCard=ETC
04-01 13:31:26.338  2680  2782 D NetworkController: SignalStrength from intent slotId=1
04-01 13:31:26.496 19119 19141 E AudioPathHelper: (Bean)(1.15)handleAudioPathTask() : can't get dual play mode - Attempt to invoke virtual method 'boolean android.bluetooth.BluetoothA2dp.semIsDualPlayMode()' on a null object reference
04-01 13:31:26.689  1446  1446 D connsyslogger: Open FIFO for close
04-01 13:31:27.499 19119 19141 E AudioPathHelper: (Bean)(1.15)handleAudioPathTask() : can't get dual play mode - Attempt to invoke virtual method 'boolean android.bluetooth.BluetoothA2dp.semIsDualPlayMode()' on a null object reference
04-01 13:31:27.616  2680  2782 D MobileStatusTracker(1/2): onSignalStrengthsChanged level=3, vendorLevel=2
04-01 13:31:27.619  2680  2782 D MobileSignalController(1/2): notifyListener: enabled=true, connected=true, dataConnected=false, networkType=LTE (4G), emergencyOnly=false, roaming=false, isDefault=false, dataActivity=, level=2, ca=false, mmWave=false, disabledDataIcon=false, simCard=ETC
04-01 13:31:27.620  2680  2782 D NetworkController: SignalStrength from intent slotId=1
04-01 13:31:27.886  1630 20882 D TrafficStats: tagSocket(902) with statsTag=0xffffffff, statsUid=-1
04-01 13:31:27.889  1630 20882 D TrafficStats: tagSocket(904) with statsTag=0xffffffff, statsUid=-1
04-01 13:31:27.891  1630 20882 D TrafficStats: tagSocket(907) with statsTag=0xffffffff, statsUid=-1
04-01 13:31:28.094  1630 20882 D WifiConnectivityMonitor.DnsThread:  [|209] [] []
04-01 13:31:28.094  1630  2608 D WifiConnectivityMonitor.NetworkStatsAnalyzer: DNS resultType : 0, responseTime : 209
04-01 13:31:28.095  1630  2604 D OpenNetworkQos[4.00]: updateBssidLatestDnsResultType - result: 0
04-01 13:31:28.095  1630  2604 D OpenNetworkQos[4.00]: updateBssidNoInternet: mBssidNoInternet = false
04-01 13:31:28.095  1630  2604 D OpenNetworkQos[4.00]: getOpenNetworkQosNoInternetStatus: false
04-01 13:31:28.095  1630  2604 D OpenNetworkQos[4.00]: getOpenNetworkQosScores: 26 26 26
04-01 13:31:28.095  1630  2604 D SettingsProvider: isChangeAllowed() : name = wifi_wcm_qos_sharing_score_summary
04-01 13:31:28.095  1630  2604 I WifiProfileShare: network QoS data was changed (internet), updateQoSData networkType: true, qosData: false
04-01 13:31:28.096  1630  3505 V WifiProfileShare.Caster: update wips network, size: 0
04-01 13:31:28.096  1630  3505 D WifiProfileShare: nearby scanning settings run
04-01 13:31:28.096  1630  3505 D WifiProfileShare: network score provider settings enabled
04-01 13:31:28.097  1630  3505 D OpenNetworkQos[4.00]: getOpenNetworkQosScores: 26 26 26
04-01 13:31:28.097  1630  3505 D OpenNetworkQos[4.00]: getOpenNetworkQosNoInternetStatus: false
04-01 13:31:28.097  1630  3505 I WifiProfileShare.Caster: current network type: 0, score: [26, 26, 26]
04-01 13:31:28.098  1630  3505 V WifiProfileShare.Cache: update network score 44:4e:6d:**:**:35
04-01 13:31:28.098  1630  3505 D WifiProfileShare.ScanMatcher: getMcfDataList size:2
04-01 13:31:28.099  1630  3505 I WifiProfileShare.Caster: qos data was updated , before:type:QOS, pBssid:f3:4f:71, qosData:7c after:type:QOS, pBssid:f3:4f:71, qosData:7c
04-01 13:31:28.100  1630  3505 I [MCFSDK_android_1.2.4010]_4_b: isNetworkEnabled - type : 1 ret : true
04-01 13:31:28.101  1630  3505 D WifiProfileShare.McfCast: -ME--- mIsNetworkEnabled :true
04-01 13:31:28.101  1630  3505 D WifiProfileShare.McfCast: updateQoSData ignored, same contents
04-01 13:31:28.101  1630  3505 D WifiProfileShare.MCF: success update QosData !
04-01 13:31:28.102  1630  3505 I [MCFSDK_android_1.2.4010]_4_b: isNetworkEnabled - type : 1 ret : true
04-01 13:31:28.102  1630  3505 D WifiProfileShare.McfCast: -ME--- mIsNetworkEnabled :true
04-01 13:31:28.102  1630  3505 D WifiProfileShare.McfCast: -ME--- updatePasswordDate pwdData size:2
04-01 13:31:28.502 19119 19141 E AudioPathHelper: (Bean)(1.15)handleAudioPathTask() : can't get dual play mode - Attempt to invoke virtual method 'boolean android.bluetooth.BluetoothA2dp.semIsDualPlayMode()' on a null object reference
04-01 13:31:28.794  2639  2639 I WifiHAL : Get link layer stats
04-01 13:31:28.794  2639  2639 I WifiHAL : GetLinkStatsCommand::create
04-01 13:31:28.794  2639  2639 D android.hardware.wifi@1.0-service-lazy: WifiRequest::create vendor command to iface 40, vendor_id=0x1a11, subcmd=0x1200, res=0
04-01 13:31:28.794  2639  2639 I android.hardware.wifi@1.0-service-lazy: WifiCommand::requestResponse err=-95
04-01 13:31:28.794  2639  2639 I WifiHAL : wifi_get_link_stats: result=-3
04-01 13:31:28.795  1630  2513 E WifiVendorHal: getWifiLinkLayerStats_1_5_Internal(l.1179) failed {.code = ERROR_NOT_SUPPORTED, .description = }
04-01 13:31:28.806  1630  3651 D SemWifiUsabilityStatsMonitor: onWifiUsabilityStats - seqNum 249628, isSameBssidAndFreq true
04-01 13:31:28.808  1630  2588 I SemWifiLinkQualityMonitor: Link Qos query: inf. ms / 0 Mbps
04-01 13:31:28.896  2680  2782 D MobileStatusTracker(1/2): onSignalStrengthsChanged level=3, vendorLevel=2
04-01 13:31:28.899  2680  2782 D MobileSignalController(1/2): notifyListener: enabled=true, connected=true, dataConnected=false, networkType=LTE (4G), emergencyOnly=false, roaming=false, isDefault=false, dataActivity=, level=2, ca=false, mmWave=false, disabledDataIcon=false, simCard=ETC
04-01 13:31:28.900  2680  2782 D NetworkController: SignalStrength from intent slotId=1
04-01 13:31:29.506 19119 19141 E AudioPathHelper: (Bean)(1.15)handleAudioPathTask() : can't get dual play mode - Attempt to invoke virtual method 'boolean android.bluetooth.BluetoothA2dp.semIsDualPlayMode()' on a null object reference
04-01 13:31:30.176  2680  2782 D MobileStatusTracker(1/2): onSignalStrengthsChanged level=3, vendorLevel=2
04-01 13:31:30.178  2680  2782 D MobileSignalController(1/2): notifyListener: enabled=true, connected=true, dataConnected=false, networkType=LTE (4G), emergencyOnly=false, roaming=false, isDefault=false, dataActivity=, level=2, ca=false, mmWave=false, disabledDataIcon=false, simCard=ETC
04-01 13:31:30.179  2680  2782 D NetworkController: SignalStrength from intent slotId=1
04-01 13:31:30.508 19119 19141 E AudioPathHelper: (Bean)(1.15)handleAudioPathTask() : can't get dual play mode - Attempt to invoke virtual method 'boolean android.bluetooth.BluetoothA2dp.semIsDualPlayMode()' on a null object reference
04-01 13:31:31.091  2680  2680 D SecPowerUI.Notification: showChargingNotice oldChargingType : 11 / currentChargingType : 11, oldChargingTime : 21606000 / mChargingTime : 21606000
04-01 13:31:31.091  2680  2680 D SecPowerUI.Notification: There is no change about charging status, so return!
04-01 13:31:31.456  2680  2782 D MobileStatusTracker(1/2): onSignalStrengthsChanged level=3, vendorLevel=2
04-01 13:31:31.458  2680  2782 D MobileSignalController(1/2): notifyListener: enabled=true, connected=true, dataConnected=false, networkType=LTE (4G), emergencyOnly=false, roaming=false, isDefault=false, dataActivity=, level=2, ca=false, mmWave=false, disabledDataIcon=false, simCard=ETC
04-01 13:31:31.459  2680  2782 D NetworkController: SignalStrength from intent slotId=1
04-01 13:31:31.511 19119 19141 E AudioPathHelper: (Bean)(1.15)handleAudioPathTask() : can't get dual play mode - Attempt to invoke virtual method 'boolean android.bluetooth.BluetoothA2dp.semIsDualPlayMode()' on a null object reference
04-01 13:31:31.689  1446  1446 D connsyslogger: Open FIFO for close
04-01 13:31:31.700 15167 15210 I baur    : (REDACTED) getHotwordActive::active query: %s, watch: %s, devices connected: %s
04-01 13:31:31.794   584   584 D io_stats: !@ 179,0 r 353511790 5911794114 w 99540121 1236234056 d 0 0 f 0 0 iot 136035140 0 th 0 0 0 pt 0 inp 0 0 1707093.100
04-01 13:31:31.812  2639  2639 I WifiHAL : Get link layer stats
04-01 13:31:31.812  2639  2639 I WifiHAL : GetLinkStatsCommand::create
04-01 13:31:31.812  2639  2639 D android.hardware.wifi@1.0-service-lazy: WifiRequest::create vendor command to iface 40, vendor_id=0x1a11, subcmd=0x1200, res=0
04-01 13:31:31.812  2639  2639 I android.hardware.wifi@1.0-service-lazy: WifiCommand::requestResponse err=-95
04-01 13:31:31.812  2639  2639 I WifiHAL : wifi_get_link_stats: result=-3
04-01 13:31:31.814  1630  2513 E WifiVendorHal: getWifiLinkLayerStats_1_5_Internal(l.1179) failed {.code = ERROR_NOT_SUPPORTED, .description = }
04-01 13:31:31.820  1630  3651 D SemWifiUsabilityStatsMonitor: onWifiUsabilityStats - seqNum 249629, isSameBssidAndFreq true
04-01 13:31:31.822  1630  2588 I SemWifiLinkQualityMonitor: Link Qos query: inf. ms / 0 Mbps
04-01 13:31:31.918 20085 20085 I wpa_supplicant: Heartbeat 67144
04-01 13:31:32.514 19119 19141 E AudioPathHelper: (Bean)(1.15)handleAudioPathTask() : can't get dual play mode - Attempt to invoke virtual method 'boolean android.bluetooth.BluetoothA2dp.semIsDualPlayMode()' on a null object reference
04-01 13:31:32.736  2680  2782 D MobileStatusTracker(1/2): onSignalStrengthsChanged level=3, vendorLevel=2
04-01 13:31:32.738  2680  2782 D MobileSignalController(1/2): notifyListener: enabled=true, connected=true, dataConnected=false, networkType=LTE (4G), emergencyOnly=false, roaming=false, isDefault=false, dataActivity=, level=2, ca=false, mmWave=false, disabledDataIcon=false, simCard=ETC
04-01 13:31:32.739  2680  2782 D NetworkController: SignalStrength from intent slotId=1
04-01 13:31:33.518 19119 19141 E AudioPathHelper: (Bean)(1.15)handleAudioPathTask() : can't get dual play mode - Attempt to invoke virtual method 'boolean android.bluetooth.BluetoothA2dp.semIsDualPlayMode()' on a null object reference
04-01 13:31:33.818  1139  1151 D ccci_mdinit: (1):monitor_time_update_thread round:253000 ########
04-01 13:31:34.016  2680  2782 D MobileStatusTracker(1/2): onSignalStrengthsChanged level=3, vendorLevel=2
04-01 13:31:34.019  2680  2782 D MobileSignalController(1/2): notifyListener: enabled=true, connected=true, dataConnected=false, networkType=LTE (4G), emergencyOnly=false, roaming=false, isDefault=false, dataActivity=, level=2, ca=false, mmWave=false, disabledDataIcon=false, simCard=ETC
04-01 13:31:34.019  2680  2782 D NetworkController: SignalStrength from intent slotId=1
04-01 13:31:34.522 19119 19141 E AudioPathHelper: (Bean)(1.15)handleAudioPathTask() : can't get dual play mode - Attempt to invoke virtual method 'boolean android.bluetooth.BluetoothA2dp.semIsDualPlayMode()' on a null object reference
04-01 13:31:34.543  1630  2560 D UsbStatsMonitor: 0 0 0 0 0 0 0 0 0 0 0 5 0 0 0 0 0 0 0 0 0 0 0 0 0 0 0 0 0 0 0 0 0 0 0 0 0 0 0 0 0 0 0 0 0 0 0 0 0 0 0 0 0 0
04-01 13:31:34.824  2639  2639 I WifiHAL : Get link layer stats
04-01 13:31:34.825  2639  2639 I WifiHAL : GetLinkStatsCommand::create
04-01 13:31:34.825  2639  2639 D android.hardware.wifi@1.0-service-lazy: WifiRequest::create vendor command to iface 40, vendor_id=0x1a11, subcmd=0x1200, res=0
04-01 13:31:34.825  2639  2639 I android.hardware.wifi@1.0-service-lazy: WifiCommand::requestResponse err=-95
04-01 13:31:34.825  2639  2639 I WifiHAL : wifi_get_link_stats: result=-3
04-01 13:31:34.826  1630  2513 E WifiVendorHal: getWifiLinkLayerStats_1_5_Internal(l.1179) failed {.code = ERROR_NOT_SUPPORTED, .description = }
04-01 13:31:34.837  1630  3651 D SemWifiUsabilityStatsMonitor: onWifiUsabilityStats - seqNum 249630, isSameBssidAndFreq true
04-01 13:31:34.838  1630  2588 I SemWifiLinkQualityMonitor: Link Qos query: inf. ms / 0 Mbps
04-01 13:31:35.296  2680  2782 D MobileStatusTracker(1/2): onSignalStrengthsChanged level=3, vendorLevel=2
04-01 13:31:35.299  2680  2782 D MobileSignalController(1/2): notifyListener: enabled=true, connected=true, dataConnected=false, networkType=LTE (4G), emergencyOnly=false, roaming=false, isDefault=false, dataActivity=, level=2, ca=false, mmWave=false, disabledDataIcon=false, simCard=ETC
04-01 13:31:35.299  2680  2782 D NetworkController: SignalStrength from intent slotId=1
04-01 13:31:35.527 19119 19141 E AudioPathHelper: (Bean)(1.15)handleAudioPathTask() : can't get dual play mode - Attempt to invoke virtual method 'boolean android.bluetooth.BluetoothA2dp.semIsDualPlayMode()' on a null object reference
04-01 13:31:36.103  1093  1093 E android.hardware.health@2.1-service-samsung: Could not open /sys/class/power_supply/battery/lrp
04-01 13:31:36.104  1630  1680 D BatteryService: Sending ACTION_BATTERY_CHANGED: level:34, status:2, health:2, ac:false, usb:true, wireless:false, pogo:false, misc:0x10000, charge_type:1, charger_type:0, voltage:3880, temperature:230, online:4, current_avg:392, ps:false, hvc:false, capacity:280000, current_event:0x0, current_now:375, mcc:0, mcv:0, cc:1700000, present:true, scale:100, technology:Li-ion
04-01 13:31:36.108  1630  1949 D MotionRecognitionService: [SAR]  onReceive : ACTION_BATTERY_CHANGED, Plugged: 2
04-01 13:31:36.108  1630  1630 D PhoneWindowManagerExt: ACTION_BATTERY_CHANGED - Level=34, status=2
04-01 13:31:36.110  1630  2621 I DeviceBatteryInfoService: action: android.intent.action.BATTERY_CHANGED
04-01 13:31:36.110  1630  2621 I DeviceBatteryInfoService: phone battery level: 34
04-01 13:31:36.110  1630  2621 I DeviceBatteryInfoService: phone battery status: 2
04-01 13:31:36.110  1630  1630 D AdaptiveBrightnessLongtermModelBuilder: Received android.intent.action.BATTERY_CHANGED
04-01 13:31:36.110  1630  1630 D SemWifiApBroadcastReceiver: Received : android.intent.action.BATTERY_CHANGED
04-01 13:31:36.112  2680  2680 D KeyguardUpdateMonitor: received broadcast android.intent.action.BATTERY_CHANGED
04-01 13:31:36.113  2680  2680 I PowerUI : mBootCompleted = true |  mFullyConnected = true
04-01 13:31:36.113  2680  2680 I PowerUI : BATTERY_HEALTH_CHECK extraHealth=2 mBatteryMiscEvent=65536
04-01 13:31:36.113  2680  2680 W PowerUI : Plug reason
04-01 13:31:36.113  2680  2680 W PowerUI : Skip charging animation - by plug status
04-01 13:31:36.113  2680  2680 D PowerUI : priorPlugType = 2 mPlugType = 2 priorBatteryStatus = 2 mBatteryStatus = 2
04-01 13:31:36.113  2680  2680 W PowerUI : Plug reason
04-01 13:31:36.113  2680  2680 W PowerUI : Skip charging sound - by plug status
04-01 13:31:36.114  2680  2680 I PowerUI : oldMisalign : false, curMisalign : false
04-01 13:31:36.114  2680 18058 D SecPowerUI.Notification: dismissing low battery warning: level=34
04-01 13:31:36.114  2680 18058 D SecPowerUI.Notification: updateNotification mWarning=false mPlaySound=false
04-01 13:31:36.114  2680 18058 D SecPowerUI.Notification: SecBatteryStatsSnapshot{batteryLevel=34, currentBatteryMode=0, chargingTime=21606000, chargingType=11, batteryHealth=2, automaticTestMode=false, isHiccupState=false}
04-01 13:31:36.116  2680  2680 D SecPowerUI.Notification: showChargingNotice oldChargingType : 11 / currentChargingType : 11, oldChargingTime : 21606000 / mChargingTime : 21570000
04-01 13:31:36.116  2680  2680 D SecPowerUI.Notification: showChargingNotification()
04-01 13:31:36.116  2680  2680 D SecPowerUI.Notification: SecBatteryStatsSnapshot{batteryLevel=34, currentBatteryMode=0, chargingTime=21570000, chargingType=11, batteryHealth=2, automaticTestMode=false, isHiccupState=false}
04-01 13:31:36.116  2680 18058 D SecPowerUI.Notification: 1. restoreScreenTimeOut - saved_value : :
04-01 13:31:36.116  2680 18058 E SecPowerUI.Notification: no saved value, so we do nothing !!
04-01 13:31:36.119  2989  2989 D SemBigDataInfoController: Intent: android.intent.action.BATTERY_CHANGED
04-01 13:31:36.121  2989  2989 D SemBigDataInfoController: Intent: android.intent.action.BATTERY_CHANGED
04-01 13:31:36.122  1630  2755 D ApplicationPolicy: isStatusBarNotificationAllowedAsUser: packageName = com.android.systemui,userId = 0
04-01 13:31:36.123  1630  2755 D ApplicationPolicy: isStatusBarNotificationAllowedAsUser: packageName = com.android.systemui,userId = -1
04-01 13:31:36.123  1630  2755 D ApplicationPolicy: isStatusBarNotificationAllowedAsUser: converting userId from USER_ALLto 0
04-01 13:31:36.125  2680  2680 D PowerUI : Battery swelling mode - priorBatterySwellingMode = 0 mBatterySwellingMode = 0 mBatteryStatus = 2
04-01 13:31:36.125  2680  2680 I PowerUI : mBatteryMiscEvent = 65536
04-01 13:31:36.126  2680  2680 D SamsungBatteryMeterDrawable: onBatteryLevelChanged isSomethingChanged: false
04-01 13:31:36.126  2680  2680 D SamsungBatteryMeterDrawable: onBatteryLevelChanged isSomethingChanged: false
04-01 13:31:36.127  2680  2680 D SamsungBatteryMeterDrawable: onBatteryLevelChanged isSomethingChanged: false
04-01 13:31:36.127  2680  2680 D SamsungBatteryMeterDrawable: onBatteryLevelChanged isSomethingChanged: false
04-01 13:31:36.127  2680  2680 D KeyguardUpdateMonitor: handleBatteryUpdate
04-01 13:31:36.130  2639 20064 D WifiHAL : event received NL80211_CMD_VENDOR, vendor_id = 0xce7, subcmd = 0xa
04-01 13:31:36.133  2680  2680 D KeyguardSecIndicationController: addIndicationTimeout() returned - unlocking
04-01 13:31:36.133  2680  2680 D KeyguardSecIndicationController: addIndication() returned - unlocking
04-01 13:31:36.133  2680  2680 D KeyguardSecIndicationPolicy:  remove Item pos = DEFAULT, type =           OWNER_INFO
04-01 13:31:36.133  2680  2680 D KeyguardSecIndicationController: addBatteryAndOwnerInfoIndication() battery status = BatteryStatus{status=2,level=34,plugged=2,health=2,maxChargingWattage=-1,remaining=21570000ultraFastCharger=0}
04-01 13:31:36.134  2680  2680 I AODBatteryManager: updateBatteryData: ACTION_BATTERY_CHANGED
04-01 13:31:36.135  2680  2680 I AODBatteryManager: saveBatteryData : AOD BatteryData [mBatteryLevel=34, mBatteryStatus=CHARGING, mBatteryPlugType=USB, mBatteryPlugged=true, mRemainingChargeTime=21570000, mBatteryChargingType=1, mBatteryChargerType=NORMAL, mBatteryOnline=USB, mBatterySwellingMode=NONE, mBatteryProtectMode=false]
